Archive member included because of file (symbol)

c:/isis/application/toolchain/bin/../lib/gcc/arm-none-eabi/4.7.4/../../../../arm-none-eabi/lib\libc_s.a(lib_a-vfprintf_float.o)
                              (_printf_float)
c:/isis/application/toolchain/bin/../lib/gcc/arm-none-eabi/4.7.4/../../../../arm-none-eabi/lib\libc_s.a(lib_a-vfprintf_i.o)
                              c:/isis/application/toolchain/bin/../lib/gcc/arm-none-eabi/4.7.4/../../../../arm-none-eabi/lib\libc_s.a(lib_a-vfprintf_float.o) (_printf_common)
c:/isis/application/toolchain/bin/../lib/gcc/arm-none-eabi/4.7.4/../../../../arm-none-eabi/lib\libc_s.a(lib_a-vfscanf_float.o)
                              (_scanf_float)
c:/isis/application/toolchain/bin/../lib/gcc/arm-none-eabi/4.7.4/../../../../arm-none-eabi/lib\libc_s.a(lib_a-dtoa.o)
                              c:/isis/application/toolchain/bin/../lib/gcc/arm-none-eabi/4.7.4/../../../../arm-none-eabi/lib\libc_s.a(lib_a-vfprintf_float.o) (_dtoa_r)
c:/isis/application/toolchain/bin/../lib/gcc/arm-none-eabi/4.7.4/../../../../arm-none-eabi/lib\libc_s.a(lib_a-locale.o)
                              c:/isis/application/toolchain/bin/../lib/gcc/arm-none-eabi/4.7.4/../../../../arm-none-eabi/lib\libc_s.a(lib_a-vfprintf_float.o) (_localeconv_r)
c:/isis/application/toolchain/bin/../lib/gcc/arm-none-eabi/4.7.4/../../../../arm-none-eabi/lib\libc_s.a(lib_a-malloc.o)
                              c:/isis/application/toolchain/bin/../lib/gcc/arm-none-eabi/4.7.4/../../../../arm-none-eabi/lib\libc_s.a(lib_a-dtoa.o) (malloc)
c:/isis/application/toolchain/bin/../lib/gcc/arm-none-eabi/4.7.4/../../../../arm-none-eabi/lib\libc_s.a(lib_a-mallocr.o)
                              c:/isis/application/toolchain/bin/../lib/gcc/arm-none-eabi/4.7.4/../../../../arm-none-eabi/lib\libc_s.a(lib_a-malloc.o) (_malloc_r)
c:/isis/application/toolchain/bin/../lib/gcc/arm-none-eabi/4.7.4/../../../../arm-none-eabi/lib\libc_s.a(lib_a-memcpy.o)
                              c:/isis/application/toolchain/bin/../lib/gcc/arm-none-eabi/4.7.4/../../../../arm-none-eabi/lib\libc_s.a(lib_a-dtoa.o) (memcpy)
c:/isis/application/toolchain/bin/../lib/gcc/arm-none-eabi/4.7.4/../../../../arm-none-eabi/lib\libc_s.a(lib_a-mprec.o)
                              c:/isis/application/toolchain/bin/../lib/gcc/arm-none-eabi/4.7.4/../../../../arm-none-eabi/lib\libc_s.a(lib_a-dtoa.o) (_Balloc)
c:/isis/application/toolchain/bin/../lib/gcc/arm-none-eabi/4.7.4/../../../../arm-none-eabi/lib\libc_s.a(lib_a-s_fpclassify.o)
                              c:/isis/application/toolchain/bin/../lib/gcc/arm-none-eabi/4.7.4/../../../../arm-none-eabi/lib\libc_s.a(lib_a-vfprintf_float.o) (__fpclassifyd)
c:/isis/application/toolchain/bin/../lib/gcc/arm-none-eabi/4.7.4/../../../../arm-none-eabi/lib\libc_s.a(lib_a-sbrkr.o)
                              c:/isis/application/toolchain/bin/../lib/gcc/arm-none-eabi/4.7.4/../../../../arm-none-eabi/lib\libc_s.a(lib_a-mallocr.o) (_sbrk_r)
c:/isis/application/toolchain/bin/../lib/gcc/arm-none-eabi/4.7.4/../../../../arm-none-eabi/lib\libc_s.a(lib_a-sf_nan.o)
                              c:/isis/application/toolchain/bin/../lib/gcc/arm-none-eabi/4.7.4/../../../../arm-none-eabi/lib\libc_s.a(lib_a-vfscanf_float.o) (nanf)
c:/isis/application/toolchain/bin/../lib/gcc/arm-none-eabi/4.7.4/../../../../arm-none-eabi/lib\libc_s.a(lib_a-sprintf.o)
                              c:/isis/application/toolchain/bin/../lib/gcc/arm-none-eabi/4.7.4/../../../../arm-none-eabi/lib\libc_s.a(lib_a-vfscanf_float.o) (sprintf)
c:/isis/application/toolchain/bin/../lib/gcc/arm-none-eabi/4.7.4/../../../../arm-none-eabi/lib\libc_s.a(lib_a-strcmp.o)
                              c:/isis/application/toolchain/bin/../lib/gcc/arm-none-eabi/4.7.4/../../../../arm-none-eabi/lib\libc_s.a(lib_a-locale.o) (strcmp)
c:/isis/application/toolchain/bin/../lib/gcc/arm-none-eabi/4.7.4/../../../../arm-none-eabi/lib\libc_s.a(lib_a-strlen.o)
                              c:/isis/application/toolchain/bin/../lib/gcc/arm-none-eabi/4.7.4/../../../../arm-none-eabi/lib\libc_s.a(lib_a-vfprintf_float.o) (strlen)
c:/isis/application/toolchain/bin/../lib/gcc/arm-none-eabi/4.7.4/../../../../arm-none-eabi/lib\libc_s.a(lib_a-strtod.o)
                              c:/isis/application/toolchain/bin/../lib/gcc/arm-none-eabi/4.7.4/../../../../arm-none-eabi/lib\libc_s.a(lib_a-vfscanf_float.o) (_strtod_r)
c:/isis/application/toolchain/bin/../lib/gcc/arm-none-eabi/4.7.4/../../../../arm-none-eabi/lib\libc_s.a(lib_a-strtol.o)
                              c:/isis/application/toolchain/bin/../lib/gcc/arm-none-eabi/4.7.4/../../../../arm-none-eabi/lib\libc_s.a(lib_a-vfscanf_float.o) (_strtol_r)
c:/isis/application/toolchain/bin/../lib/gcc/arm-none-eabi/4.7.4/../../../../arm-none-eabi/lib\libc_s.a(lib_a-svfprintf.o)
[...]
Memory Configuration

Name             Origin             Length             Attributes
sram0            0x00200000         0x00004000         w !xr
sram1            0x00300000         0x00004000         w !xr
sdram            0x20000000         0x02000000         w !xr
*default*        0x00000000         0xffffffff

Linker script and memory map

LOAD c:/isis/application/toolchain/bin/../lib/gcc/arm-none-eabi/4.7.4/../../../../arm-none-eabi/lib\libc_s.a
LOAD ./src/Tests/ADCtest.o
LOAD ./src/Tests/FloatingPointTest.o
LOAD ./src/Tests/I2CslaveTest.o
LOAD ./src/Tests/I2Ctest.o
LOAD ./src/Tests/LEDtest.o
LOAD ./src/Tests/PWMtest.o
LOAD ./src/Tests/PinTest.o
LOAD ./src/Tests/SDCardTest.o
LOAD ./src/Tests/SPI_FRAM_RTCtest.o
LOAD ./src/Tests/SupervisorTest.o
LOAD ./src/Tests/ThermalTest.o
LOAD ./src/Tests/TimeTest.o
LOAD ./src/Tests/UARTtest.o
LOAD ./src/Tests/USBdeviceTest.o
LOAD ./src/Tests/boardTest.o
LOAD ./src/Tests/checksumTest.o
LOAD ./src/Demo/demo_sd.o
LOAD ./src/Demo/demo_uart.o
LOAD ./src/freertos_hooks.o
LOAD ./src/main.o
LOAD C:/ISIS/MAAE4997B_CDH/hal-demo/../hal//hcc/lib\libHCCD.a
LOAD C:/ISIS/MAAE4997B_CDH/hal-demo/../hal//hal/lib\libHALD.a
LOAD C:/ISIS/MAAE4997B_CDH/hal-demo/../hal//freertos/lib\libFreeRTOSD.a
LOAD C:/ISIS/MAAE4997B_CDH/hal-demo/../hal//at91/lib\libAt91D.a
START GROUP
LOAD c:/isis/application/toolchain/bin/../lib/gcc/arm-none-eabi/4.7.4\libgcc.a
LOAD c:/isis/application/toolchain/bin/../lib/gcc/arm-none-eabi/4.7.4/../../../../arm-none-eabi/lib\libc_s.a
END GROUP

.fixed          0x20000000    0x4bfd0
                0x20000000                . = ALIGN (0x4)
                0x20000000                _sfixed = .
 *(.startup)
 .startup       0x20000000      0x134 C:/ISIS/MAAE4997B_CDH/hal-demo/../hal//at91/lib\libAt91D.a(board_cstartup.o)
                0x20000000                entry
 *(.text)
 .text          0x20000134       0x64 C:/ISIS/MAAE4997B_CDH/hal-demo/../hal//at91/lib\libAt91D.a(cp15_asm.o)
                0x20000134                _readControlRegister
                0x20000140                _writeControlRegister
                0x20000148                _waitForInterrupt
                0x20000154                _writeTTB
                0x2000015c                _writeDomain
                0x20000164                _writeITLBLockdown
                0x2000016c                _prefetchICacheLine
                0x20000174                _flushDCache
                0x20000180                _flushWriteBuffer
                0x2000018c                _invalidateIDTLBs
 .text          0x20000198      0x114 c:/isis/application/toolchain/bin/../lib/gcc/arm-none-eabi/4.7.4\libgcc.a(_udivsi3.o)
                0x20000198                __aeabi_uidiv
                0x20000198                __udivsi3
                0x2000028c                __aeabi_uidivmod
 .text          0x200002ac      0x148 c:/isis/application/toolchain/bin/../lib/gcc/arm-none-eabi/4.7.4\libgcc.a(_divsi3.o)
                0x200002ac                __divsi3
                0x200002ac                __aeabi_idiv
                0x200003d4                __aeabi_idivmod
 .text          0x200003f4        0x4 c:/isis/application/toolchain/bin/../lib/gcc/arm-none-eabi/4.7.4\libgcc.a(_dvmd_tls.o)
                0x200003f4                __aeabi_idiv0
                0x200003f4                __aeabi_ldiv0
 .text          0x200003f8      0x41c c:/isis/application/toolchain/bin/../lib/gcc/arm-none-eabi/4.7.4\libgcc.a(_arm_addsubdf3.o)
                0x200003f8                __aeabi_drsub
                0x20000400                __aeabi_dsub
                0x20000400                __subdf3
                0x20000404                __aeabi_dadd
                0x20000404                __adddf3
                0x20000714                __floatunsidf
                0x20000714                __aeabi_ui2d
                0x20000738                __floatsidf
                0x20000738                __aeabi_i2d
                0x20000760                __aeabi_f2d
                0x20000760                __extendsfdf2
                0x200007a0                __floatundidf
                0x200007a0                __aeabi_ul2d
                0x200007b4                __floatdidf
                0x200007b4                __aeabi_l2d
 .text          0x20000814      0x49c c:/isis/application/toolchain/bin/../lib/gcc/arm-none-eabi/4.7.4\libgcc.a(_arm_muldivdf3.o)
                0x20000814                __aeabi_dmul
                0x20000814                __muldf3
                0x20000aa4                __divdf3
                0x20000aa4                __aeabi_ddiv
 .text          0x20000cb0      0x144 c:/isis/application/toolchain/bin/../lib/gcc/arm-none-eabi/4.7.4\libgcc.a(_arm_cmpdf2.o)
                0x20000cb0                __gtdf2
                0x20000cb0                __gedf2
                0x20000cb8                __ltdf2
                0x20000cb8                __ledf2
                0x20000cc0                __nedf2
                0x20000cc0                __eqdf2
                0x20000cc0                __cmpdf2
                0x20000d48                __aeabi_cdrcmple
                0x20000d64                __aeabi_cdcmpeq
                0x20000d64                __aeabi_cdcmple
                0x20000d7c                __aeabi_dcmpeq
                0x20000d94                __aeabi_dcmplt
                0x20000dac                __aeabi_dcmple
                0x20000dc4                __aeabi_dcmpge
                0x20000ddc                __aeabi_dcmpgt
 .text          0x20000df4       0x5c c:/isis/application/toolchain/bin/../lib/gcc/arm-none-eabi/4.7.4\libgcc.a(_arm_fixdfsi.o)
                0x20000df4                __aeabi_d2iz
                0x20000df4                __fixdfsi
 .text          0x20000e50       0x54 c:/isis/application/toolchain/bin/../lib/gcc/arm-none-eabi/4.7.4\libgcc.a(_arm_fixunsdfsi.o)
                0x20000e50                __aeabi_d2uiz
                0x20000e50                __fixunsdfsi
 .text          0x20000ea4       0xa0 c:/isis/application/toolchain/bin/../lib/gcc/arm-none-eabi/4.7.4\libgcc.a(_arm_truncdfsf2.o)
                0x20000ea4                __truncdfsf2
                0x20000ea4                __aeabi_d2f
 .text          0x20000f44      0x2ac c:/isis/application/toolchain/bin/../lib/gcc/arm-none-eabi/4.7.4\libgcc.a(_arm_addsubsf3.o)
                0x20000f44                __aeabi_frsub
                0x20000f4c                __subsf3
                0x20000f4c                __aeabi_fsub
                0x20000f50                __aeabi_fadd
                0x20000f50                __addsf3
                0x2000110c                __aeabi_ui2f
                0x2000110c                __floatunsisf
                0x20001114                __aeabi_i2f
                0x20001114                __floatsisf
                0x20001134                __aeabi_ul2f
                0x20001134                __floatundisf
                0x20001144                __aeabi_l2f
                0x20001144                __floatdisf
 .text          0x200011f0      0x2f8 c:/isis/application/toolchain/bin/../lib/gcc/arm-none-eabi/4.7.4\libgcc.a(_arm_muldivsf3.o)
                0x200011f0                __mulsf3
                0x200011f0                __aeabi_fmul
                0x20001388                __aeabi_fdiv
                0x20001388                __divsf3
 .text          0x200014e8      0x114 c:/isis/application/toolchain/bin/../lib/gcc/arm-none-eabi/4.7.4\libgcc.a(_arm_cmpsf2.o)
                0x200014e8                __gesf2
                0x200014e8                __gtsf2
                0x200014f0                __lesf2
                0x200014f0                __ltsf2
                0x200014f8                __nesf2
                0x200014f8                __eqsf2
                0x200014f8                __cmpsf2
                0x2000155c                __aeabi_cfrcmple
                0x2000156c                __aeabi_cfcmpeq
                0x2000156c                __aeabi_cfcmple
                0x20001584                __aeabi_fcmpeq
                0x2000159c                __aeabi_fcmplt
                0x200015b4                __aeabi_fcmple
                0x200015cc                __aeabi_fcmpge
                0x200015e4                __aeabi_fcmpgt
 .text          0x200015fc       0x5c c:/isis/application/toolchain/bin/../lib/gcc/arm-none-eabi/4.7.4\libgcc.a(_arm_fixsfsi.o)
                0x200015fc                __aeabi_f2iz
                0x200015fc                __fixsfsi
 .text          0x20001658       0x54 c:/isis/application/toolchain/bin/../lib/gcc/arm-none-eabi/4.7.4\libgcc.a(_arm_fixunssfsi.o)
                0x20001658                __fixunssfsi
                0x20001658                __aeabi_f2uiz
 *(.text*)
 .text.__cvt    0x200016ac      0x138 c:/isis/application/toolchain/bin/../lib/gcc/arm-none-eabi/4.7.4/../../../../arm-none-eabi/lib\libc_s.a(lib_a-vfprintf_float.o)
                0x200016ac                __cvt
 .text.__exponent
                0x200017e4       0xa8 c:/isis/application/toolchain/bin/../lib/gcc/arm-none-eabi/4.7.4/../../../../arm-none-eabi/lib\libc_s.a(lib_a-vfprintf_float.o)
                0x200017e4                __exponent
 .text._printf_float
                0x2000188c      0x7dc c:/isis/application/toolchain/bin/../lib/gcc/arm-none-eabi/4.7.4/../../../../arm-none-eabi/lib\libc_s.a(lib_a-vfprintf_float.o)
                0x2000188c                _printf_float
 .text._printf_common
                0x20002068      0x174 c:/isis/application/toolchain/bin/../lib/gcc/arm-none-eabi/4.7.4/../../../../arm-none-eabi/lib\libc_s.a(lib_a-vfprintf_i.o)
                0x20002068                _printf_common
 .text._printf_i
                0x200021dc      0x3c4 c:/isis/application/toolchain/bin/../lib/gcc/arm-none-eabi/4.7.4/../../../../arm-none-eabi/lib\libc_s.a(lib_a-vfprintf_i.o)
                0x200021dc                _printf_i
 .text._scanf_float
                0x200025a0      0x5f4 c:/isis/application/toolchain/bin/../lib/gcc/arm-none-eabi/4.7.4/../../../../arm-none-eabi/lib\libc_s.a(lib_a-vfscanf_float.o)
                0x200025a0                _scanf_float
 .text.quorem   0x20002b94      0x1ac c:/isis/application/toolchain/bin/../lib/gcc/arm-none-eabi/4.7.4/../../../../arm-none-eabi/lib\libc_s.a(lib_a-dtoa.o)
 .text._dtoa_r  0x20002d40     0x1268 c:/isis/application/toolchain/bin/../lib/gcc/arm-none-eabi/4.7.4/../../../../arm-none-eabi/lib\libc_s.a(lib_a-dtoa.o)
                0x20002d40                _dtoa_r
 .text._localeconv_r
                0x20003fa8        0xc c:/isis/application/toolchain/bin/../lib/gcc/arm-none-eabi/4.7.4/../../../../arm-none-eabi/lib\libc_s.a(lib_a-locale.o)
                0x20003fa8                _localeconv_r
 .text.malloc   0x20003fb4       0x20 c:/isis/application/toolchain/bin/../lib/gcc/arm-none-eabi/4.7.4/../../../../arm-none-eabi/lib\libc_s.a(lib_a-malloc.o)
                0x20003fb4                malloc
 .text.free     0x20003fd4       0x20 c:/isis/application/toolchain/bin/../lib/gcc/arm-none-eabi/4.7.4/../../../../arm-none-eabi/lib\libc_s.a(lib_a-malloc.o)
                0x20003fd4                free
 .text._malloc_r
                0x20003ff4       0xfc c:/isis/application/toolchain/bin/../lib/gcc/arm-none-eabi/4.7.4/../../../../arm-none-eabi/lib\libc_s.a(lib_a-mallocr.o)
                0x20003ff4                _malloc_r
 .text.memcpy   0x200040f0       0x20 c:/isis/application/toolchain/bin/../lib/gcc/arm-none-eabi/4.7.4/../../../../arm-none-eabi/lib\libc_s.a(lib_a-memcpy.o)
                0x200040f0                memcpy
 .text._Balloc  0x20004110       0xcc c:/isis/application/toolchain/bin/../lib/gcc/arm-none-eabi/4.7.4/../../../../arm-none-eabi/lib\libc_s.a(lib_a-mprec.o)
                0x20004110                _Balloc
 .text._Bfree   0x200041dc       0x5c c:/isis/application/toolchain/bin/../lib/gcc/arm-none-eabi/4.7.4/../../../../arm-none-eabi/lib\libc_s.a(lib_a-mprec.o)
                0x200041dc                _Bfree
 .text.__multadd
                0x20004238       0xbc c:/isis/application/toolchain/bin/../lib/gcc/arm-none-eabi/4.7.4/../../../../arm-none-eabi/lib\libc_s.a(lib_a-mprec.o)
                0x20004238                __multadd
 .text.__s2b    0x200042f4       0xd8 c:/isis/application/toolchain/bin/../lib/gcc/arm-none-eabi/4.7.4/../../../../arm-none-eabi/lib\libc_s.a(lib_a-mprec.o)
                0x200042f4                __s2b
 .text.__hi0bits
                0x200043cc       0x58 c:/isis/application/toolchain/bin/../lib/gcc/arm-none-eabi/4.7.4/../../../../arm-none-eabi/lib\libc_s.a(lib_a-mprec.o)
                0x200043cc                __hi0bits
 .text.__lo0bits
                0x20004424       0x94 c:/isis/application/toolchain/bin/../lib/gcc/arm-none-eabi/4.7.4/../../../../arm-none-eabi/lib\libc_s.a(lib_a-mprec.o)
                0x20004424                __lo0bits
 .text.__i2b    0x200044b8       0x24 c:/isis/application/toolchain/bin/../lib/gcc/arm-none-eabi/4.7.4/../../../../arm-none-eabi/lib\libc_s.a(lib_a-mprec.o)
                0x200044b8                __i2b
 .text.__multiply
                0x200044dc      0x1ac c:/isis/application/toolchain/bin/../lib/gcc/arm-none-eabi/4.7.4/../../../../arm-none-eabi/lib\libc_s.a(lib_a-mprec.o)
                0x200044dc                __multiply
 .text.__pow5mult
                0x20004688      0x10c c:/isis/application/toolchain/bin/../lib/gcc/arm-none-eabi/4.7.4/../../../../arm-none-eabi/lib\libc_s.a(lib_a-mprec.o)
                0x20004688                __pow5mult
 .text.__lshift
                0x20004794       0xf0 c:/isis/application/toolchain/bin/../lib/gcc/arm-none-eabi/4.7.4/../../../../arm-none-eabi/lib\libc_s.a(lib_a-mprec.o)
                0x20004794                __lshift
 .text.__mcmp   0x20004884       0x60 c:/isis/application/toolchain/bin/../lib/gcc/arm-none-eabi/4.7.4/../../../../arm-none-eabi/lib\libc_s.a(lib_a-mprec.o)
                0x20004884                __mcmp
 .text.__mdiff  0x200048e4      0x128 c:/isis/application/toolchain/bin/../lib/gcc/arm-none-eabi/4.7.4/../../../../arm-none-eabi/lib\libc_s.a(lib_a-mprec.o)
                0x200048e4                __mdiff
 .text.__ulp    0x20004a0c       0x5c c:/isis/application/toolchain/bin/../lib/gcc/arm-none-eabi/4.7.4/../../../../arm-none-eabi/lib\libc_s.a(lib_a-mprec.o)
                0x20004a0c                __ulp
 .text.__b2d    0x20004a68       0xc8 c:/isis/application/toolchain/bin/../lib/gcc/arm-none-eabi/4.7.4/../../../../arm-none-eabi/lib\libc_s.a(lib_a-mprec.o)
                0x20004a68                __b2d
 .text.__d2b    0x20004b30       0xfc c:/isis/application/toolchain/bin/../lib/gcc/arm-none-eabi/4.7.4/../../../../arm-none-eabi/lib\libc_s.a(lib_a-mprec.o)
                0x20004b30                __d2b
 .text.__ratio  0x20004c2c       0x70 c:/isis/application/toolchain/bin/../lib/gcc/arm-none-eabi/4.7.4/../../../../arm-none-eabi/lib\libc_s.a(lib_a-mprec.o)
                0x20004c2c                __ratio
 .text.__copybits
                0x20004c9c       0x4c c:/isis/application/toolchain/bin/../lib/gcc/arm-none-eabi/4.7.4/../../../../arm-none-eabi/lib\libc_s.a(lib_a-mprec.o)
                0x20004c9c                __copybits
 .text.__any_on
                0x20004ce8       0x7c c:/isis/application/toolchain/bin/../lib/gcc/arm-none-eabi/4.7.4/../../../../arm-none-eabi/lib\libc_s.a(lib_a-mprec.o)
                0x20004ce8                __any_on
 .text.__fpclassifyd
                0x20004d64       0x6c c:/isis/application/toolchain/bin/../lib/gcc/arm-none-eabi/4.7.4/../../../../arm-none-eabi/lib\libc_s.a(lib_a-s_fpclassify.o)
                0x20004d64                __fpclassifyd
 .text._sbrk_r  0x20004dd0       0x3c c:/isis/application/toolchain/bin/../lib/gcc/arm-none-eabi/4.7.4/../../../../arm-none-eabi/lib\libc_s.a(lib_a-sbrkr.o)
                0x20004dd0                _sbrk_r
 .text.nanf     0x20004e0c        0xc c:/isis/application/toolchain/bin/../lib/gcc/arm-none-eabi/4.7.4/../../../../arm-none-eabi/lib\libc_s.a(lib_a-sf_nan.o)
                0x20004e0c                nanf
 .text.sprintf  0x20004e18       0x6c c:/isis/application/toolchain/bin/../lib/gcc/arm-none-eabi/4.7.4/../../../../arm-none-eabi/lib\libc_s.a(lib_a-sprintf.o)
                0x20004e18                siprintf
                0x20004e18                sprintf
 .text.strlen   0x20004e84       0x1c c:/isis/application/toolchain/bin/../lib/gcc/arm-none-eabi/4.7.4/../../../../arm-none-eabi/lib\libc_s.a(lib_a-strlen.o)
                0x20004e84                strlen
 .text.match    0x20004ea0       0x54 c:/isis/application/toolchain/bin/../lib/gcc/arm-none-eabi/4.7.4/../../../../arm-none-eabi/lib\libc_s.a(lib_a-strtod.o)
 .text._strtod_r
                0x20004ef4     0x1168 c:/isis/application/toolchain/bin/../lib/gcc/arm-none-eabi/4.7.4/../../../../arm-none-eabi/lib\libc_s.a(lib_a-strtod.o)
                0x20004ef4                _strtod_r
 .text._strtol_r
                0x2000605c      0x1b8 c:/isis/application/toolchain/bin/../lib/gcc/arm-none-eabi/4.7.4/../../../../arm-none-eabi/lib\libc_s.a(lib_a-strtol.o)
                0x2000605c                _strtol_r
 .text.__ssputc_r
                0x20006214      0x10c c:/isis/application/toolchain/bin/../lib/gcc/arm-none-eabi/4.7.4/../../../../arm-none-eabi/lib\libc_s.a(lib_a-svfprintf.o)
                0x20006214                __ssputc_r
 .text._svfprintf_r
                0x20006320      0x328 c:/isis/application/toolchain/bin/../lib/gcc/arm-none-eabi/4.7.4/../../../../arm-none-eabi/lib\libc_s.a(lib_a-svfprintf.o)
                0x20006320                _svfiprintf_r
                0x20006320                _svfprintf_r
 .text._calloc_r
                0x20006648       0x2c c:/isis/application/toolchain/bin/../lib/gcc/arm-none-eabi/4.7.4/../../../../arm-none-eabi/lib\libc_s.a(lib_a-callocr.o)
                0x20006648                _calloc_r
 .text._free_r  0x20006674      0x108 c:/isis/application/toolchain/bin/../lib/gcc/arm-none-eabi/4.7.4/../../../../arm-none-eabi/lib\libc_s.a(lib_a-freer.o)
                0x20006674                _free_r
 .text.rshift   0x2000677c       0xb0 c:/isis/application/toolchain/bin/../lib/gcc/arm-none-eabi/4.7.4/../../../../arm-none-eabi/lib\libc_s.a(lib_a-gdtoa-gethex.o)
 .text.htinit.constprop.0
                0x2000682c       0x34 c:/isis/application/toolchain/bin/../lib/gcc/arm-none-eabi/4.7.4/../../../../arm-none-eabi/lib\libc_s.a(lib_a-gdtoa-gethex.o)
 .text.__hexdig_init
                0x20006860       0x38 c:/isis/application/toolchain/bin/../lib/gcc/arm-none-eabi/4.7.4/../../../../arm-none-eabi/lib\libc_s.a(lib_a-gdtoa-gethex.o)
                0x20006860                __hexdig_init
 .text.__gethex
                0x20006898      0x6cc c:/isis/application/toolchain/bin/../lib/gcc/arm-none-eabi/4.7.4/../../../../arm-none-eabi/lib\libc_s.a(lib_a-gdtoa-gethex.o)
                0x20006898                __gethex
 .text.L_shift  0x20006f64       0x38 c:/isis/application/toolchain/bin/../lib/gcc/arm-none-eabi/4.7.4/../../../../arm-none-eabi/lib\libc_s.a(lib_a-gdtoa-hexnan.o)
 .text.__hexnan
                0x20006f9c      0x1d8 c:/isis/application/toolchain/bin/../lib/gcc/arm-none-eabi/4.7.4/../../../../arm-none-eabi/lib\libc_s.a(lib_a-gdtoa-hexnan.o)
                0x20006f9c                __hexnan
 .text.memchr   0x20007174       0x34 c:/isis/application/toolchain/bin/../lib/gcc/arm-none-eabi/4.7.4/../../../../arm-none-eabi/lib\libc_s.a(lib_a-memchr.o)
                0x20007174                memchr
 .text.memset   0x200071a8       0x1c c:/isis/application/toolchain/bin/../lib/gcc/arm-none-eabi/4.7.4/../../../../arm-none-eabi/lib\libc_s.a(lib_a-memset.o)
                0x200071a8                memset
 .text._realloc_r
                0x200071c4       0x80 c:/isis/application/toolchain/bin/../lib/gcc/arm-none-eabi/4.7.4/../../../../arm-none-eabi/lib\libc_s.a(lib_a-reallocr.o)
                0x200071c4                _realloc_r
 .text.strncmp  0x20007244       0x64 c:/isis/application/toolchain/bin/../lib/gcc/arm-none-eabi/4.7.4/../../../../arm-none-eabi/lib\libc_s.a(lib_a-strncmp.o)
                0x20007244                strncmp
 .text._malloc_usable_size_r
                0x200072a8       0x1c c:/isis/application/toolchain/bin/../lib/gcc/arm-none-eabi/4.7.4/../../../../arm-none-eabi/lib\libc_s.a(lib_a-msizer.o)
                0x200072a8                _malloc_usable_size_r
 .text.adcCallback
                0x200072c4       0x88 ./src/Tests/ADCtest.o
                0x200072c4                adcCallback
 .text.convertToMilliVolts_10bit
                0x2000734c       0x50 ./src/Tests/ADCtest.o
                0x2000734c                convertToMilliVolts_10bit
 .text.convertToMilliVolts_8bit
                0x2000739c       0x44 ./src/Tests/ADCtest.o
                0x2000739c                convertToMilliVolts_8bit
 .text.ADCtest_initalize
                0x200073e0      0x14c ./src/Tests/ADCtest.o
                0x200073e0                ADCtest_initalize
 .text.ADCtest_printReadout
                0x2000752c      0x16c ./src/Tests/ADCtest.o
                0x2000752c                ADCtest_printReadout
 .text.taskADCtest
                0x20007698       0x20 ./src/Tests/ADCtest.o
                0x20007698                taskADCtest
 .text.ADCtest  0x200076b8       0x58 ./src/Tests/ADCtest.o
                0x200076b8                ADCtest
 .text.ADCtestSingleShot
                0x20007710       0x94 ./src/Tests/ADCtest.o
                0x20007710                ADCtestSingleShot
 .text.I2Ccallback
                0x200077a4       0x64 ./src/Tests/I2Ctest.o
                0x200077a4                I2Ccallback
 .text.doBlockingI2CTransfer
                0x20007808       0xb8 ./src/Tests/I2Ctest.o
                0x20007808                doBlockingI2CTransfer
 .text.taskQueuedI2Ctest1
                0x200078c0      0x34c ./src/Tests/I2Ctest.o
                0x200078c0                taskQueuedI2Ctest1
 .text.I2Ctest  0x20007c0c       0x94 ./src/Tests/I2Ctest.o
                0x20007c0c                I2Ctest
 .text.taskLED2
                0x20007ca0       0x28 ./src/Tests/LEDtest.o
                0x20007ca0                taskLED2
 .text.taskLED3
                0x20007cc8       0x28 ./src/Tests/LEDtest.o
                0x20007cc8                taskLED3
 .text.LEDtest  0x20007cf0       0xd8 ./src/Tests/LEDtest.o
                0x20007cf0                LEDtest
 .text.taskPWMtest
                0x20007dc8      0x194 ./src/Tests/PWMtest.o
                0x20007dc8                taskPWMtest
 .text.PWMtest  0x20007f5c       0x58 ./src/Tests/PWMtest.o
                0x20007f5c                PWMtest
 .text.PinTest  0x20007fb4      0x218 ./src/Tests/PinTest.o
                0x20007fb4                PinTest
 .text.SDCardTest
                0x200081cc       0xb8 ./src/Tests/SDCardTest.o
                0x200081cc                SDCardTest
 .text.taskRTCtest
                0x20008284      0x198 ./src/Tests/SPI_FRAM_RTCtest.o
                0x20008284                taskRTCtest
 .text.SPI_FRAM_RTCtest
                0x2000841c       0x90 ./src/Tests/SPI_FRAM_RTCtest.o
                0x2000841c                SPI_FRAM_RTCtest
 .text.uSdelay  0x200084ac       0x88 ./src/Tests/SupervisorTest.o
 .text.taskSupervisorTest
                0x20008534      0xa28 ./src/Tests/SupervisorTest.o
 .text.SupervisorTest
                0x20008f5c       0xd0 ./src/Tests/SupervisorTest.o
                0x20008f5c                SupervisorTest
 .text.initEpochTest
                0x2000902c      0x190 ./src/Tests/TimeTest.o
 .text.taskEpochTest
                0x200091bc      0x26c ./src/Tests/TimeTest.o
                0x200091bc                taskEpochTest
 .text.TimeTest
                0x20009428       0x58 ./src/Tests/TimeTest.o
                0x20009428                TimeTest
 .text.taskUARTtest
                0x20009480      0x238 ./src/Tests/UARTtest.o
                0x20009480                taskUARTtest
 .text.UARTtest
                0x200096b8      0x188 ./src/Tests/UARTtest.o
                0x200096b8                UARTtest
 .text.ISR_Vbus
                0x20009840       0x60 ./src/Tests/USBdeviceTest.o
 .text.VBus_Configure
                0x200098a0       0x6c ./src/Tests/USBdeviceTest.o
 .text.LowPowerMode
                0x2000990c       0x10 ./src/Tests/USBdeviceTest.o
                0x2000990c                LowPowerMode
 .text.USBDCallbacks_Resumed
                0x2000991c       0x24 ./src/Tests/USBdeviceTest.o
                0x2000991c                USBDCallbacks_Resumed
 .text.USBDCallbacks_Suspended
                0x20009940       0x24 ./src/Tests/USBdeviceTest.o
                0x20009940                USBDCallbacks_Suspended
 .text.USBdeviceTest
                0x20009964      0x218 ./src/Tests/USBdeviceTest.o
                0x20009964                USBdeviceTest
 .text.taskBoardTest
                0x20009b7c      0x6dc ./src/Tests/boardTest.o
                0x20009b7c                taskBoardTest
 .text.boardTest
                0x2000a258       0x58 ./src/Tests/boardTest.o
                0x2000a258                boardTest
 .text.checksumTest
                0x2000a2b0      0x734 ./src/Tests/checksumTest.o
                0x2000a2b0                checksumTest
 .text.vApplicationStackOverflowHook
                0x2000a9e4       0x4c ./src/freertos_hooks.o
                0x2000a9e4                vApplicationStackOverflowHook
 .text.vApplicationIdleHook
                0x2000aa30       0x14 ./src/freertos_hooks.o
                0x2000aa30                vApplicationIdleHook
 .text.selectAndExecuteTest
                0x2000aa44      0x220 ./src/main.o
                0x2000aa44                selectAndExecuteTest
 .text.taskMain
                0x2000ac64       0x9c ./src/main.o
                0x2000ac64                taskMain
 .text.main     0x2000ad00      0x178 ./src/main.o
                0x2000ad00                main
 .text.fn_init  0x2000ae78      0x2e0 C:/ISIS/MAAE4997B_CDH/hal-demo/../hal//hcc/lib\libHCCD.a(fat_common.o)
                0x2000ae78                fn_init
 .text.fsn_delete
                0x2000b158       0xc8 C:/ISIS/MAAE4997B_CDH/hal-demo/../hal//hcc/lib\libHCCD.a(fat_common.o)
                0x2000b158                fsn_delete
 .text._f_get16bitl
                0x2000b220       0x4c C:/ISIS/MAAE4997B_CDH/hal-demo/../hal//hcc/lib\libHCCD.a(fat_common.o)
                0x2000b220                _f_get16bitl
 .text._f_set16bitl
                0x2000b26c       0x54 C:/ISIS/MAAE4997B_CDH/hal-demo/../hal//hcc/lib\libHCCD.a(fat_common.o)
                0x2000b26c                _f_set16bitl
 .text._f_get32bitl
                0x2000b2c0       0x68 C:/ISIS/MAAE4997B_CDH/hal-demo/../hal//hcc/lib\libHCCD.a(fat_common.o)
                0x2000b2c0                _f_get32bitl
 .text._f_set32bitl
                0x2000b328       0x78 C:/ISIS/MAAE4997B_CDH/hal-demo/../hal//hcc/lib\libHCCD.a(fat_common.o)
                0x2000b328                _f_set32bitl
 .text._get8bit
                0x2000b3a0       0xa0 C:/ISIS/MAAE4997B_CDH/hal-demo/../hal//hcc/lib\libHCCD.a(fat_common.o)
 .text._get16bitl
                0x2000b440       0x40 C:/ISIS/MAAE4997B_CDH/hal-demo/../hal//hcc/lib\libHCCD.a(fat_common.o)
 .text._get32bitl
                0x2000b480       0x3c C:/ISIS/MAAE4997B_CDH/hal-demo/../hal//hcc/lib\libHCCD.a(fat_common.o)
 .text._set8bitzero
                0x2000b4bc       0x6c C:/ISIS/MAAE4997B_CDH/hal-demo/../hal//hcc/lib\libHCCD.a(fat_common.o)
 .text._set8bit
                0x2000b528       0xa0 C:/ISIS/MAAE4997B_CDH/hal-demo/../hal//hcc/lib\libHCCD.a(fat_common.o)
 .text._set16bitl
                0x2000b5c8       0x3c C:/ISIS/MAAE4997B_CDH/hal-demo/../hal//hcc/lib\libHCCD.a(fat_common.o)
 .text._set32bitl
                0x2000b604       0x34 C:/ISIS/MAAE4997B_CDH/hal-demo/../hal//hcc/lib\libHCCD.a(fat_common.o)
 .text._f_setcardremoved
                0x2000b638       0x94 C:/ISIS/MAAE4997B_CDH/hal-demo/../hal//hcc/lib\libHCCD.a(fat_common.o)
 .text._f_checkstatus
                0x2000b6cc      0x104 C:/ISIS/MAAE4997B_CDH/hal-demo/../hal//hcc/lib\libHCCD.a(fat_common.o)
                0x2000b6cc                _f_checkstatus
 .text._f_drvgetphy
                0x2000b7d0      0x114 C:/ISIS/MAAE4997B_CDH/hal-demo/../hal//hcc/lib\libHCCD.a(fat_common.o)
 .text._f_drvwritesector
                0x2000b8e4       0xdc C:/ISIS/MAAE4997B_CDH/hal-demo/../hal//hcc/lib\libHCCD.a(fat_common.o)
 .text._f_drvreadsector
                0x2000b9c0       0xa8 C:/ISIS/MAAE4997B_CDH/hal-demo/../hal//hcc/lib\libHCCD.a(fat_common.o)
 .text._f_writesector
                0x2000ba68      0x23c C:/ISIS/MAAE4997B_CDH/hal-demo/../hal//hcc/lib\libHCCD.a(fat_common.o)
                0x2000ba68                _f_writesector
 .text._f_readsector
                0x2000bca4      0x1dc C:/ISIS/MAAE4997B_CDH/hal-demo/../hal//hcc/lib\libHCCD.a(fat_common.o)
                0x2000bca4                _f_readsector
 .text._f_getmaxcluster
                0x2000be80       0x94 C:/ISIS/MAAE4997B_CDH/hal-demo/../hal//hcc/lib\libHCCD.a(fat_common.o)
                0x2000be80                _f_getmaxcluster
 .text._getsectorfromcluster
                0x2000bf14       0x68 C:/ISIS/MAAE4997B_CDH/hal-demo/../hal//hcc/lib\libHCCD.a(fat_common.o)
 .text._f_buildsectors
                0x2000bf7c      0x268 C:/ISIS/MAAE4997B_CDH/hal-demo/../hal//hcc/lib\libHCCD.a(fat_common.o)
 .text._f_getbootrecord
                0x2000c1e4      0x5e4 C:/ISIS/MAAE4997B_CDH/hal-demo/../hal//hcc/lib\libHCCD.a(fat_common.o)
 .text._f_readbootrecord
                0x2000c7c8      0x4f8 C:/ISIS/MAAE4997B_CDH/hal-demo/../hal//hcc/lib\libHCCD.a(fat_common.o)
 .text._f_writebootrecord
                0x2000ccc0      0x5e4 C:/ISIS/MAAE4997B_CDH/hal-demo/../hal//hcc/lib\libHCCD.a(fat_common.o)
 .text._f_flushcffiles
                0x2000d2a4      0x17c C:/ISIS/MAAE4997B_CDH/hal-demo/../hal//hcc/lib\libHCCD.a(fat_common.o)
                0x2000d2a4                _f_flushcffiles
 .text._f_fatcache_flush
                0x2000d420      0x270 C:/ISIS/MAAE4997B_CDH/hal-demo/../hal//hcc/lib\libHCCD.a(fat_common.o)
                0x2000d420                _f_fatcache_flush
 .text._f_writefatsector
                0x2000d690      0x100 C:/ISIS/MAAE4997B_CDH/hal-demo/../hal//hcc/lib\libHCCD.a(fat_common.o)
                0x2000d690                _f_writefatsector
 .text._f_getfatsector
                0x2000d790      0x3bc C:/ISIS/MAAE4997B_CDH/hal-demo/../hal//hcc/lib\libHCCD.a(fat_common.o)
 .text._f_setclustervalue
                0x2000db4c      0x490 C:/ISIS/MAAE4997B_CDH/hal-demo/../hal//hcc/lib\libHCCD.a(fat_common.o)
                0x2000db4c                _f_setclustervalue
 .text._f_getclustervalue
                0x2000dfdc      0x388 C:/ISIS/MAAE4997B_CDH/hal-demo/../hal//hcc/lib\libHCCD.a(fat_common.o)
                0x2000dfdc                _f_getclustervalue
 .text._f_close_drive_files
                0x2000e364       0xac C:/ISIS/MAAE4997B_CDH/hal-demo/../hal//hcc/lib\libHCCD.a(fat_common.o)
 .text._f_inc_mount_count
                0x2000e410       0xa4 C:/ISIS/MAAE4997B_CDH/hal-demo/../hal//hcc/lib\libHCCD.a(fat_common.o)
 .text._f_getvolume
                0x2000e4b4      0x2f8 C:/ISIS/MAAE4997B_CDH/hal-demo/../hal//hcc/lib\libHCCD.a(fat_common.o)
                0x2000e4b4                _f_getvolume
 .text.fn_createdriver
                0x2000e7ac      0x118 C:/ISIS/MAAE4997B_CDH/hal-demo/../hal//hcc/lib\libHCCD.a(fat_common.o)
                0x2000e7ac                fn_createdriver
 .text.fn_initvolume
                0x2000e8c4      0x12c C:/ISIS/MAAE4997B_CDH/hal-demo/../hal//hcc/lib\libHCCD.a(fat_common.o)
                0x2000e8c4                fn_initvolume
 .text.fn_releasedriver
                0x2000e9f0       0xf4 C:/ISIS/MAAE4997B_CDH/hal-demo/../hal//hcc/lib\libHCCD.a(fat_common.o)
                0x2000e9f0                fn_releasedriver
 .text.fn_initvolumepartition_sub
                0x2000eae4       0xe0 C:/ISIS/MAAE4997B_CDH/hal-demo/../hal//hcc/lib\libHCCD.a(fat_common.o)
 .text.fn_initvolumepartition
                0x2000ebc4       0xac C:/ISIS/MAAE4997B_CDH/hal-demo/../hal//hcc/lib\libHCCD.a(fat_common.o)
                0x2000ebc4                fn_initvolumepartition
 .text.fn_checkvolume
                0x2000ec70       0x44 C:/ISIS/MAAE4997B_CDH/hal-demo/../hal//hcc/lib\libHCCD.a(fat_common.o)
                0x2000ec70                fn_checkvolume
 .text.fn_delvolume
                0x2000ecb4      0x194 C:/ISIS/MAAE4997B_CDH/hal-demo/../hal//hcc/lib\libHCCD.a(fat_common.o)
                0x2000ecb4                fn_delvolume
 .text.fn_get_volume_count
                0x2000ee48       0xa8 C:/ISIS/MAAE4997B_CDH/hal-demo/../hal//hcc/lib\libHCCD.a(fat_common.o)
                0x2000ee48                fn_get_volume_count
 .text.fn_get_volume_list
                0x2000eef0       0xc4 C:/ISIS/MAAE4997B_CDH/hal-demo/../hal//hcc/lib\libHCCD.a(fat_common.o)
                0x2000eef0                fn_get_volume_list
 .text._f_clustertopos
                0x2000efb4       0xf8 C:/ISIS/MAAE4997B_CDH/hal-demo/../hal//hcc/lib\libHCCD.a(fat_common.o)
                0x2000efb4                _f_clustertopos
 .text._f_prepareformat
                0x2000f0ac      0x8b8 C:/ISIS/MAAE4997B_CDH/hal-demo/../hal//hcc/lib\libHCCD.a(fat_common.o)
 .text._f_resetfatentries
                0x2000f964      0x410 C:/ISIS/MAAE4997B_CDH/hal-demo/../hal//hcc/lib\libHCCD.a(fat_common.o)
 .text._f_resetrootdir
                0x2000fd74       0xcc C:/ISIS/MAAE4997B_CDH/hal-demo/../hal//hcc/lib\libHCCD.a(fat_common.o)
 .text._f_postformat
                0x2000fe40      0x178 C:/ISIS/MAAE4997B_CDH/hal-demo/../hal//hcc/lib\libHCCD.a(fat_common.o)
 .text.fn_format
                0x2000ffb8      0x148 C:/ISIS/MAAE4997B_CDH/hal-demo/../hal//hcc/lib\libHCCD.a(fat_common.o)
                0x2000ffb8                fn_format
 .text._f_getcurrsector
                0x20010100      0x6c8 C:/ISIS/MAAE4997B_CDH/hal-demo/../hal//hcc/lib\libHCCD.a(fat_common.o)
                0x20010100                _f_getcurrsector
 .text._f_getdecluster
                0x200107c8       0x90 C:/ISIS/MAAE4997B_CDH/hal-demo/../hal//hcc/lib\libHCCD.a(fat_common.o)
                0x200107c8                _f_getdecluster
 .text._f_setdecluster
                0x20010858       0x8c C:/ISIS/MAAE4997B_CDH/hal-demo/../hal//hcc/lib\libHCCD.a(fat_common.o)
                0x20010858                _f_setdecluster
 .text.fn_getdrive
                0x200108e4       0x30 C:/ISIS/MAAE4997B_CDH/hal-demo/../hal//hcc/lib\libHCCD.a(fat_common.o)
                0x200108e4                fn_getdrive
 .text.fn_chdrive
                0x20010914       0xb0 C:/ISIS/MAAE4997B_CDH/hal-demo/../hal//hcc/lib\libHCCD.a(fat_common.o)
                0x20010914                fn_chdrive
 .text._f_getcurrenttimedate
                0x200109c4      0x138 C:/ISIS/MAAE4997B_CDH/hal-demo/../hal//hcc/lib\libHCCD.a(fat_common.o)
                0x200109c4                _f_getcurrenttimedate
 .text._f_initentry
                0x20010afc       0xa0 C:/ISIS/MAAE4997B_CDH/hal-demo/../hal//hcc/lib\libHCCD.a(fat_common.o)
                0x20010afc                _f_initentry
 .text._f_alloccluster
                0x20010b9c      0x344 C:/ISIS/MAAE4997B_CDH/hal-demo/../hal//hcc/lib\libHCCD.a(fat_common.o)
                0x20010b9c                _f_alloccluster
 .text._f_dobadblock
                0x20010ee0      0x2cc C:/ISIS/MAAE4997B_CDH/hal-demo/../hal//hcc/lib\libHCCD.a(fat_common.o)
                0x20010ee0                _f_dobadblock
 .text._f_checklocked
                0x200111ac       0xe4 C:/ISIS/MAAE4997B_CDH/hal-demo/../hal//hcc/lib\libHCCD.a(fat_common.o)
                0x200111ac                _f_checklocked
 .text._f_checkappendlocked
                0x20011290      0x110 C:/ISIS/MAAE4997B_CDH/hal-demo/../hal//hcc/lib\libHCCD.a(fat_common.o)
                0x20011290                _f_checkappendlocked
 .text._f_setsyncafile
                0x200113a0      0x114 C:/ISIS/MAAE4997B_CDH/hal-demo/../hal//hcc/lib\libHCCD.a(fat_common.o)
                0x200113a0                _f_setsyncafile
 .text._f_syncfiles
                0x200114b4      0x128 C:/ISIS/MAAE4997B_CDH/hal-demo/../hal//hcc/lib\libHCCD.a(fat_common.o)
                0x200114b4                _f_syncfiles
 .text._f_syncfilescontent
                0x200115dc      0x15c C:/ISIS/MAAE4997B_CDH/hal-demo/../hal//hcc/lib\libHCCD.a(fat_common.o)
 .text.fn_getfreespace
                0x20011738      0x4c0 C:/ISIS/MAAE4997B_CDH/hal-demo/../hal//hcc/lib\libHCCD.a(fat_common.o)
                0x20011738                fn_getfreespace
 .text._f_emptywritecache
                0x20011bf8      0x4a4 C:/ISIS/MAAE4997B_CDH/hal-demo/../hal//hcc/lib\libHCCD.a(fat_common.o)
 .text._f_allocnextcluster
                0x2001209c      0x54c C:/ISIS/MAAE4997B_CDH/hal-demo/../hal//hcc/lib\libHCCD.a(fat_common.o)
 .text._f_emptywritebuffer
                0x200125e8      0x20c C:/ISIS/MAAE4997B_CDH/hal-demo/../hal//hcc/lib\libHCCD.a(fat_common.o)
 .text._f_writezeros
                0x200127f4       0xf0 C:/ISIS/MAAE4997B_CDH/hal-demo/../hal//hcc/lib\libHCCD.a(fat_common.o)
                0x200127f4                _f_writezeros
 .text._f_extend_file
                0x200128e4      0x570 C:/ISIS/MAAE4997B_CDH/hal-demo/../hal//hcc/lib\libHCCD.a(fat_common.o)
 .text._f_fseek
                0x20012e54      0x9bc C:/ISIS/MAAE4997B_CDH/hal-demo/../hal//hcc/lib\libHCCD.a(fat_common.o)
                0x20012e54                _f_fseek
 .text._f_removechain
                0x20013810      0x104 C:/ISIS/MAAE4997B_CDH/hal-demo/../hal//hcc/lib\libHCCD.a(fat_common.o)
                0x20013810                _f_removechain
 .text._f_updatefileentry
                0x20013914      0x1cc C:/ISIS/MAAE4997B_CDH/hal-demo/../hal//hcc/lib\libHCCD.a(fat_common.o)
 .text._f_checkreadlocked
                0x20013ae0      0x1bc C:/ISIS/MAAE4997B_CDH/hal-demo/../hal//hcc/lib\libHCCD.a(fat_common.o)
                0x20013ae0                _f_checkreadlocked
 .text._f_check_handle
                0x20013c9c       0x98 C:/ISIS/MAAE4997B_CDH/hal-demo/../hal//hcc/lib\libHCCD.a(fat_common.o)
                0x20013c9c                _f_check_handle
 .text._f_removesyncafile
                0x20013d34      0x1ec C:/ISIS/MAAE4997B_CDH/hal-demo/../hal//hcc/lib\libHCCD.a(fat_common.o)
 .text.fn_close
                0x20013f20      0x3f8 C:/ISIS/MAAE4997B_CDH/hal-demo/../hal//hcc/lib\libHCCD.a(fat_common.o)
                0x20013f20                fn_close
 .text.fn_flush
                0x20014318      0x374 C:/ISIS/MAAE4997B_CDH/hal-demo/../hal//hcc/lib\libHCCD.a(fat_common.o)
                0x20014318                fn_flush
 .text.fn_read  0x2001468c      0x690 C:/ISIS/MAAE4997B_CDH/hal-demo/../hal//hcc/lib\libHCCD.a(fat_common.o)
                0x2001468c                fn_read
 .text._f_abortwrite
                0x20014d1c      0x100 C:/ISIS/MAAE4997B_CDH/hal-demo/../hal//hcc/lib\libHCCD.a(fat_common.o)
 .text._f_checkwritecluster
                0x20014e1c       0xe4 C:/ISIS/MAAE4997B_CDH/hal-demo/../hal//hcc/lib\libHCCD.a(fat_common.o)
 .text.fn_write
                0x20014f00      0x8a8 C:/ISIS/MAAE4997B_CDH/hal-demo/../hal//hcc/lib\libHCCD.a(fat_common.o)
                0x20014f00                fn_write
 .text.fn_seek  0x200157a8      0x270 C:/ISIS/MAAE4997B_CDH/hal-demo/../hal//hcc/lib\libHCCD.a(fat_common.o)
                0x200157a8                fn_seek
 .text.fn_tell  0x20015a18      0x19c C:/ISIS/MAAE4997B_CDH/hal-demo/../hal//hcc/lib\libHCCD.a(fat_common.o)
                0x20015a18                fn_tell
 .text.fn_eof   0x20015bb4       0xf8 C:/ISIS/MAAE4997B_CDH/hal-demo/../hal//hcc/lib\libHCCD.a(fat_common.o)
                0x20015bb4                fn_eof
 .text.fn_rewind
                0x20015cac       0x38 C:/ISIS/MAAE4997B_CDH/hal-demo/../hal//hcc/lib\libHCCD.a(fat_common.o)
                0x20015cac                fn_rewind
 .text.fn_putc  0x20015ce4       0x68 C:/ISIS/MAAE4997B_CDH/hal-demo/../hal//hcc/lib\libHCCD.a(fat_common.o)
                0x20015ce4                fn_putc
 .text.fn_getc  0x20015d4c       0x58 C:/ISIS/MAAE4997B_CDH/hal-demo/../hal//hcc/lib\libHCCD.a(fat_common.o)
                0x20015d4c                fn_getc
 .text.f_enterFS
                0x20015da4      0x1c0 C:/ISIS/MAAE4997B_CDH/hal-demo/../hal//hcc/lib\libHCCD.a(fat_common.o)
                0x20015da4                f_enterFS
 .text.f_releaseFS
                0x20015f64       0xb0 C:/ISIS/MAAE4997B_CDH/hal-demo/../hal//hcc/lib\libHCCD.a(fat_common.o)
                0x20015f64                f_releaseFS
 .text.fnGetTask
                0x20016014       0xfc C:/ISIS/MAAE4997B_CDH/hal-demo/../hal//hcc/lib\libHCCD.a(fat_common.o)
                0x20016014                fnGetTask
 .text._f_mutex_get
                0x20016110       0x98 C:/ISIS/MAAE4997B_CDH/hal-demo/../hal//hcc/lib\libHCCD.a(fat_common.o)
                0x20016110                _f_mutex_get
 .text._f_mutex_put
                0x200161a8       0x54 C:/ISIS/MAAE4997B_CDH/hal-demo/../hal//hcc/lib\libHCCD.a(fat_common.o)
                0x200161a8                _f_mutex_put
 .text.fn_get_oem
                0x200161fc       0xfc C:/ISIS/MAAE4997B_CDH/hal-demo/../hal//hcc/lib\libHCCD.a(fat_common.o)
                0x200161fc                fn_get_oem
 .text.fn_ftruncate
                0x200162f8       0x64 C:/ISIS/MAAE4997B_CDH/hal-demo/../hal//hcc/lib\libHCCD.a(fat_common.o)
                0x200162f8                fn_ftruncate
 .text.fn_seteof
                0x2001635c      0x468 C:/ISIS/MAAE4997B_CDH/hal-demo/../hal//hcc/lib\libHCCD.a(fat_common.o)
                0x2001635c                fn_seteof
 .text._fn_initseekdivisor
                0x200167c4      0x158 C:/ISIS/MAAE4997B_CDH/hal-demo/../hal//hcc/lib\libHCCD.a(fat_common.o)
                0x200167c4                _fn_initseekdivisor
 .text._fn_updateseekpos
                0x2001691c       0xc4 C:/ISIS/MAAE4997B_CDH/hal-demo/../hal//hcc/lib\libHCCD.a(fat_common.o)
 .text._fn_removeseekpos
                0x200169e0       0xc0 C:/ISIS/MAAE4997B_CDH/hal-demo/../hal//hcc/lib\libHCCD.a(fat_common.o)
                0x200169e0                _fn_removeseekpos
 .text._f_findopensize
                0x20016aa0       0x2c C:/ISIS/MAAE4997B_CDH/hal-demo/../hal//hcc/lib\libHCCD.a(fat_common.o)
                0x20016aa0                _f_findopensize
 .text.fn_fstat
                0x20016acc      0x250 C:/ISIS/MAAE4997B_CDH/hal-demo/../hal//hcc/lib\libHCCD.a(fat_common.o)
                0x20016acc                fn_fstat
 .text.fn_setlasterror
                0x20016d1c       0x34 C:/ISIS/MAAE4997B_CDH/hal-demo/../hal//hcc/lib\libHCCD.a(fat_common.o)
                0x20016d1c                fn_setlasterror
 .text.fn_setlasterror_noret
                0x20016d50       0x2c C:/ISIS/MAAE4997B_CDH/hal-demo/../hal//hcc/lib\libHCCD.a(fat_common.o)
                0x20016d50                fn_setlasterror_noret
 .text.fm_initvolume
                0x20016d7c       0x70 C:/ISIS/MAAE4997B_CDH/hal-demo/../hal//hcc/lib\libHCCD.a(fat_m.o)
                0x20016d7c                fm_initvolume
 .text.fm_checkvolume
                0x20016dec       0x60 C:/ISIS/MAAE4997B_CDH/hal-demo/../hal//hcc/lib\libHCCD.a(fat_m.o)
                0x20016dec                fm_checkvolume
 .text.fm_delvolume
                0x20016e4c       0x60 C:/ISIS/MAAE4997B_CDH/hal-demo/../hal//hcc/lib\libHCCD.a(fat_m.o)
                0x20016e4c                fm_delvolume
 .text.fm_get_volume_count
                0x20016eac       0x58 C:/ISIS/MAAE4997B_CDH/hal-demo/../hal//hcc/lib\libHCCD.a(fat_m.o)
                0x20016eac                fm_get_volume_count
 .text.fm_get_volume_list
                0x20016f04       0x60 C:/ISIS/MAAE4997B_CDH/hal-demo/../hal//hcc/lib\libHCCD.a(fat_m.o)
                0x20016f04                fm_get_volume_list
 .text.fm_format
                0x20016f64       0x68 C:/ISIS/MAAE4997B_CDH/hal-demo/../hal//hcc/lib\libHCCD.a(fat_m.o)
                0x20016f64                fm_format
 .text.fm_getcwd
                0x20016fcc       0x68 C:/ISIS/MAAE4997B_CDH/hal-demo/../hal//hcc/lib\libHCCD.a(fat_m.o)
                0x20016fcc                fm_getcwd
 .text.fm_getdcwd
                0x20017034       0x70 C:/ISIS/MAAE4997B_CDH/hal-demo/../hal//hcc/lib\libHCCD.a(fat_m.o)
                0x20017034                fm_getdcwd
 .text.fm_chdrive
                0x200170a4       0x60 C:/ISIS/MAAE4997B_CDH/hal-demo/../hal//hcc/lib\libHCCD.a(fat_m.o)
                0x200170a4                fm_chdrive
 .text.fm_getdrive
                0x20017104       0x70 C:/ISIS/MAAE4997B_CDH/hal-demo/../hal//hcc/lib\libHCCD.a(fat_m.o)
                0x20017104                fm_getdrive
 .text.fm_getfreespace
                0x20017174       0x68 C:/ISIS/MAAE4997B_CDH/hal-demo/../hal//hcc/lib\libHCCD.a(fat_m.o)
                0x20017174                fm_getfreespace
 .text.fm_chdir
                0x200171dc       0x60 C:/ISIS/MAAE4997B_CDH/hal-demo/../hal//hcc/lib\libHCCD.a(fat_m.o)
                0x200171dc                fm_chdir
 .text.fm_mkdir
                0x2001723c       0x60 C:/ISIS/MAAE4997B_CDH/hal-demo/../hal//hcc/lib\libHCCD.a(fat_m.o)
                0x2001723c                fm_mkdir
 .text.fm_rmdir
                0x2001729c       0x60 C:/ISIS/MAAE4997B_CDH/hal-demo/../hal//hcc/lib\libHCCD.a(fat_m.o)
                0x2001729c                fm_rmdir
 .text.fm_findfirst
                0x200172fc       0x68 C:/ISIS/MAAE4997B_CDH/hal-demo/../hal//hcc/lib\libHCCD.a(fat_m.o)
                0x200172fc                fm_findfirst
 .text.fm_findnext
                0x20017364       0x60 C:/ISIS/MAAE4997B_CDH/hal-demo/../hal//hcc/lib\libHCCD.a(fat_m.o)
                0x20017364                fm_findnext
 .text.fm_move  0x200173c4       0x68 C:/ISIS/MAAE4997B_CDH/hal-demo/../hal//hcc/lib\libHCCD.a(fat_m.o)
                0x200173c4                fm_move
 .text.fm_rename
                0x2001742c       0x68 C:/ISIS/MAAE4997B_CDH/hal-demo/../hal//hcc/lib\libHCCD.a(fat_m.o)
                0x2001742c                fm_rename
 .text.fm_filelength
                0x20017494       0x60 C:/ISIS/MAAE4997B_CDH/hal-demo/../hal//hcc/lib\libHCCD.a(fat_m.o)
                0x20017494                fm_filelength
 .text.fm_close
                0x200174f4       0x60 C:/ISIS/MAAE4997B_CDH/hal-demo/../hal//hcc/lib\libHCCD.a(fat_m.o)
                0x200174f4                fm_close
 .text.fm_flush
                0x20017554       0x60 C:/ISIS/MAAE4997B_CDH/hal-demo/../hal//hcc/lib\libHCCD.a(fat_m.o)
                0x20017554                fm_flush
 .text.fm_open  0x200175b4       0x68 C:/ISIS/MAAE4997B_CDH/hal-demo/../hal//hcc/lib\libHCCD.a(fat_m.o)
                0x200175b4                fm_open
 .text.fm_open_nonsafe
                0x2001761c       0x68 C:/ISIS/MAAE4997B_CDH/hal-demo/../hal//hcc/lib\libHCCD.a(fat_m.o)
                0x2001761c                fm_open_nonsafe
 .text.fm_read  0x20017684       0x7c C:/ISIS/MAAE4997B_CDH/hal-demo/../hal//hcc/lib\libHCCD.a(fat_m.o)
                0x20017684                fm_read
 .text.fm_write
                0x20017700       0x7c C:/ISIS/MAAE4997B_CDH/hal-demo/../hal//hcc/lib\libHCCD.a(fat_m.o)
                0x20017700                fm_write
 .text.fm_seek  0x2001777c       0x70 C:/ISIS/MAAE4997B_CDH/hal-demo/../hal//hcc/lib\libHCCD.a(fat_m.o)
                0x2001777c                fm_seek
 .text.fm_tell  0x200177ec       0x60 C:/ISIS/MAAE4997B_CDH/hal-demo/../hal//hcc/lib\libHCCD.a(fat_m.o)
                0x200177ec                fm_tell
 .text.fm_getc  0x2001784c       0x60 C:/ISIS/MAAE4997B_CDH/hal-demo/../hal//hcc/lib\libHCCD.a(fat_m.o)
                0x2001784c                fm_getc
 .text.fm_putc  0x200178ac       0x68 C:/ISIS/MAAE4997B_CDH/hal-demo/../hal//hcc/lib\libHCCD.a(fat_m.o)
                0x200178ac                fm_putc
 .text.fm_rewind
                0x20017914       0x60 C:/ISIS/MAAE4997B_CDH/hal-demo/../hal//hcc/lib\libHCCD.a(fat_m.o)
                0x20017914                fm_rewind
 .text.fm_eof   0x20017974       0x60 C:/ISIS/MAAE4997B_CDH/hal-demo/../hal//hcc/lib\libHCCD.a(fat_m.o)
                0x20017974                fm_eof
 .text.fm_gettimedate
                0x200179d4       0x70 C:/ISIS/MAAE4997B_CDH/hal-demo/../hal//hcc/lib\libHCCD.a(fat_m.o)
                0x200179d4                fm_gettimedate
 .text.fm_stat  0x20017a44       0x68 C:/ISIS/MAAE4997B_CDH/hal-demo/../hal//hcc/lib\libHCCD.a(fat_m.o)
                0x20017a44                fm_stat
 .text.fm_fstat
                0x20017aac       0x68 C:/ISIS/MAAE4997B_CDH/hal-demo/../hal//hcc/lib\libHCCD.a(fat_m.o)
                0x20017aac                fm_fstat
 .text.fm_settimedate
                0x20017b14       0x74 C:/ISIS/MAAE4997B_CDH/hal-demo/../hal//hcc/lib\libHCCD.a(fat_m.o)
                0x20017b14                fm_settimedate
 .text.fm_delete
                0x20017b88       0x64 C:/ISIS/MAAE4997B_CDH/hal-demo/../hal//hcc/lib\libHCCD.a(fat_m.o)
                0x20017b88                fm_delete
 .text.fm_getattr
                0x20017bec       0x68 C:/ISIS/MAAE4997B_CDH/hal-demo/../hal//hcc/lib\libHCCD.a(fat_m.o)
                0x20017bec                fm_getattr
 .text.fm_setattr
                0x20017c54       0x70 C:/ISIS/MAAE4997B_CDH/hal-demo/../hal//hcc/lib\libHCCD.a(fat_m.o)
                0x20017c54                fm_setattr
 .text.fm_getlabel
                0x20017cc4       0x70 C:/ISIS/MAAE4997B_CDH/hal-demo/../hal//hcc/lib\libHCCD.a(fat_m.o)
                0x20017cc4                fm_getlabel
 .text.fm_setlabel
                0x20017d34       0x68 C:/ISIS/MAAE4997B_CDH/hal-demo/../hal//hcc/lib\libHCCD.a(fat_m.o)
                0x20017d34                fm_setlabel
 .text.fm_truncate
                0x20017d9c       0x68 C:/ISIS/MAAE4997B_CDH/hal-demo/../hal//hcc/lib\libHCCD.a(fat_m.o)
                0x20017d9c                fm_truncate
 .text.fm_get_oem
                0x20017e04       0x70 C:/ISIS/MAAE4997B_CDH/hal-demo/../hal//hcc/lib\libHCCD.a(fat_m.o)
                0x20017e04                fm_get_oem
 .text.fm_ftruncate
                0x20017e74       0x68 C:/ISIS/MAAE4997B_CDH/hal-demo/../hal//hcc/lib\libHCCD.a(fat_m.o)
                0x20017e74                fm_ftruncate
 .text.fm_seteof
                0x20017edc       0x60 C:/ISIS/MAAE4997B_CDH/hal-demo/../hal//hcc/lib\libHCCD.a(fat_m.o)
                0x20017edc                fm_seteof
 .text.fm_getlasterror
                0x20017f3c       0x40 C:/ISIS/MAAE4997B_CDH/hal-demo/../hal//hcc/lib\libHCCD.a(fat_m.o)
                0x20017f3c                fm_getlasterror
 .text._s_checkzeroclusteratend
                0x20017f7c       0xf8 C:/ISIS/MAAE4997B_CDH/hal-demo/../hal//hcc/lib\libHCCD.a(safefat.o)
 .text._s_clearclustercontent
                0x20018074      0x108 C:/ISIS/MAAE4997B_CDH/hal-demo/../hal//hcc/lib\libHCCD.a(safefat.o)
 .text._s_clearclustercontentdir
                0x2001817c      0x19c C:/ISIS/MAAE4997B_CDH/hal-demo/../hal//hcc/lib\libHCCD.a(safefat.o)
 .text._s_writedirsector
                0x20018318       0xd0 C:/ISIS/MAAE4997B_CDH/hal-demo/../hal//hcc/lib\libHCCD.a(safefat.o)
 .text._s_getdirsector
                0x200183e8      0x100 C:/ISIS/MAAE4997B_CDH/hal-demo/../hal//hcc/lib\libHCCD.a(safefat.o)
 .text._s_addentry
                0x200184e8      0x394 C:/ISIS/MAAE4997B_CDH/hal-demo/../hal//hcc/lib\libHCCD.a(safefat.o)
 .text._s_findfile
                0x2001887c      0x33c C:/ISIS/MAAE4997B_CDH/hal-demo/../hal//hcc/lib\libHCCD.a(safefat.o)
 .text._s_findsubdir
                0x20018bb8      0x248 C:/ISIS/MAAE4997B_CDH/hal-demo/../hal//hcc/lib\libHCCD.a(safefat.o)
 .text._s_createfile
                0x20018e00      0x190 C:/ISIS/MAAE4997B_CDH/hal-demo/../hal//hcc/lib\libHCCD.a(safefat.o)
 .text._s_findsaffile
                0x20018f90      0x1b8 C:/ISIS/MAAE4997B_CDH/hal-demo/../hal//hcc/lib\libHCCD.a(safefat.o)
 .text._s_open  0x20019148       0xe4 C:/ISIS/MAAE4997B_CDH/hal-demo/../hal//hcc/lib\libHCCD.a(safefat.o)
 .text._s_open_saf
                0x2001922c       0xe8 C:/ISIS/MAAE4997B_CDH/hal-demo/../hal//hcc/lib\libHCCD.a(safefat.o)
 .text._s_flush
                0x20019314       0x84 C:/ISIS/MAAE4997B_CDH/hal-demo/../hal//hcc/lib\libHCCD.a(safefat.o)
 .text._s_allocnextcluster
                0x20019398      0x13c C:/ISIS/MAAE4997B_CDH/hal-demo/../hal//hcc/lib\libHCCD.a(safefat.o)
 .text._s_getnextsector
                0x200194d4       0xdc C:/ISIS/MAAE4997B_CDH/hal-demo/../hal//hcc/lib\libHCCD.a(safefat.o)
 .text._s_seek  0x200195b0      0x1e8 C:/ISIS/MAAE4997B_CDH/hal-demo/../hal//hcc/lib\libHCCD.a(safefat.o)
 .text._s_get_len
                0x20019798      0x10c C:/ISIS/MAAE4997B_CDH/hal-demo/../hal//hcc/lib\libHCCD.a(safefat.o)
 .text._s_set_len
                0x200198a4       0xb4 C:/ISIS/MAAE4997B_CDH/hal-demo/../hal//hcc/lib\libHCCD.a(safefat.o)
 .text.safe_fix_filelengths
                0x20019958       0xcc C:/ISIS/MAAE4997B_CDH/hal-demo/../hal//hcc/lib\libHCCD.a(safefat.o)
                0x20019958                safe_fix_filelengths
 .text._s_read  0x20019a24      0x228 C:/ISIS/MAAE4997B_CDH/hal-demo/../hal//hcc/lib\libHCCD.a(safefat.o)
 .text._s_write
                0x20019c4c      0x384 C:/ISIS/MAAE4997B_CDH/hal-demo/../hal//hcc/lib\libHCCD.a(safefat.o)
 .text._s_restoreclusters
                0x20019fd0      0x270 C:/ISIS/MAAE4997B_CDH/hal-demo/../hal//hcc/lib\libHCCD.a(safefat.o)
                0x20019fd0                _s_restoreclusters
 .text._s_findrestore
                0x2001a240      0x18c C:/ISIS/MAAE4997B_CDH/hal-demo/../hal//hcc/lib\libHCCD.a(safefat.o)
 .text._s_cmd_writede
                0x2001a3cc       0xd8 C:/ISIS/MAAE4997B_CDH/hal-demo/../hal//hcc/lib\libHCCD.a(safefat.o)
 .text._s_cmd_setcluster
                0x2001a4a4       0x88 C:/ISIS/MAAE4997B_CDH/hal-demo/../hal//hcc/lib\libHCCD.a(safefat.o)
 .text._s_cmd_deletechain
                0x2001a52c      0x100 C:/ISIS/MAAE4997B_CDH/hal-demo/../hal//hcc/lib\libHCCD.a(safefat.o)
 .text._s_cmd_validatecfn
                0x2001a62c      0x308 C:/ISIS/MAAE4997B_CDH/hal-demo/../hal//hcc/lib\libHCCD.a(safefat.o)
 .text._s_cmd_seteof
                0x2001a934      0x3c4 C:/ISIS/MAAE4997B_CDH/hal-demo/../hal//hcc/lib\libHCCD.a(safefat.o)
 .text.safe_docommands
                0x2001acf8      0x56c C:/ISIS/MAAE4997B_CDH/hal-demo/../hal//hcc/lib\libHCCD.a(safefat.o)
                0x2001acf8                safe_docommands
 .text.safe_entercommand
                0x2001b264       0x68 C:/ISIS/MAAE4997B_CDH/hal-demo/../hal//hcc/lib\libHCCD.a(safefat.o)
                0x2001b264                safe_entercommand
 .text.safe_ready
                0x2001b2cc       0xf4 C:/ISIS/MAAE4997B_CDH/hal-demo/../hal//hcc/lib\libHCCD.a(safefat.o)
                0x2001b2cc                safe_ready
 .text.safe_copycfn
                0x2001b3c0       0xb8 C:/ISIS/MAAE4997B_CDH/hal-demo/../hal//hcc/lib\libHCCD.a(safefat.o)
                0x2001b3c0                safe_copycfn
 .text.safe_cfremove
                0x2001b478       0xb8 C:/ISIS/MAAE4997B_CDH/hal-demo/../hal//hcc/lib\libHCCD.a(safefat.o)
                0x2001b478                safe_cfremove
 .text.safe_writede
                0x2001b530      0x104 C:/ISIS/MAAE4997B_CDH/hal-demo/../hal//hcc/lib\libHCCD.a(safefat.o)
                0x2001b530                safe_writede
 .text.safe_setcluster
                0x2001b634       0xcc C:/ISIS/MAAE4997B_CDH/hal-demo/../hal//hcc/lib\libHCCD.a(safefat.o)
                0x2001b634                safe_setcluster
 .text.safe_deletechain
                0x2001b700      0x1c8 C:/ISIS/MAAE4997B_CDH/hal-demo/../hal//hcc/lib\libHCCD.a(safefat.o)
                0x2001b700                safe_deletechain
 .text.safe_cfclose
                0x2001b8c8      0x104 C:/ISIS/MAAE4997B_CDH/hal-demo/../hal//hcc/lib\libHCCD.a(safefat.o)
                0x2001b8c8                safe_cfclose
 .text.safe_seteof
                0x2001b9cc      0x1a0 C:/ISIS/MAAE4997B_CDH/hal-demo/../hal//hcc/lib\libHCCD.a(safefat.o)
                0x2001b9cc                safe_seteof
 .text.safe_cfflush
                0x2001bb6c      0x124 C:/ISIS/MAAE4997B_CDH/hal-demo/../hal//hcc/lib\libHCCD.a(safefat.o)
                0x2001bb6c                safe_cfflush
 .text.safe_reset
                0x2001bc90       0x78 C:/ISIS/MAAE4997B_CDH/hal-demo/../hal//hcc/lib\libHCCD.a(safefat.o)
                0x2001bc90                safe_reset
 .text.safe_loadcommands
                0x2001bd08       0x78 C:/ISIS/MAAE4997B_CDH/hal-demo/../hal//hcc/lib\libHCCD.a(safefat.o)
                0x2001bd08                safe_loadcommands
 .text.safe_poweron
                0x2001bd80      0x1fc C:/ISIS/MAAE4997B_CDH/hal-demo/../hal//hcc/lib\libHCCD.a(safefat.o)
                0x2001bd80                safe_poweron
 .text.cf_getname
                0x2001bf7c       0xc0 C:/ISIS/MAAE4997B_CDH/hal-demo/../hal//hcc/lib\libHCCD.a(safefat.o)
 .text.cf_copyclusterchain
                0x2001c03c      0x138 C:/ISIS/MAAE4997B_CDH/hal-demo/../hal//hcc/lib\libHCCD.a(safefat.o)
 .text.cf_seektozero
                0x2001c174       0x94 C:/ISIS/MAAE4997B_CDH/hal-demo/../hal//hcc/lib\libHCCD.a(safefat.o)
                0x2001c174                cf_seektozero
 .text.cf_create
                0x2001c208      0x3a8 C:/ISIS/MAAE4997B_CDH/hal-demo/../hal//hcc/lib\libHCCD.a(safefat.o)
                0x2001c208                cf_create
 .text.cf_copyclustercontent
                0x2001c5b0      0x128 C:/ISIS/MAAE4997B_CDH/hal-demo/../hal//hcc/lib\libHCCD.a(safefat.o)
                0x2001c5b0                cf_copyclustercontent
 .text.cf_copycfn
                0x2001c6d8      0x4bc C:/ISIS/MAAE4997B_CDH/hal-demo/../hal//hcc/lib\libHCCD.a(safefat.o)
                0x2001c6d8                cf_copycfn
 .text.cf_remove
                0x2001cb94      0x344 C:/ISIS/MAAE4997B_CDH/hal-demo/../hal//hcc/lib\libHCCD.a(safefat.o)
                0x2001cb94                cf_remove
 .text.cf_setclusternew
                0x2001ced8       0xf0 C:/ISIS/MAAE4997B_CDH/hal-demo/../hal//hcc/lib\libHCCD.a(safefat.o)
                0x2001ced8                cf_setclusternew
 .text.cf_flush
                0x2001cfc8       0x58 C:/ISIS/MAAE4997B_CDH/hal-demo/../hal//hcc/lib\libHCCD.a(safefat.o)
                0x2001cfc8                cf_flush
 .text.cf_getcluster
                0x2001d020      0x1b4 C:/ISIS/MAAE4997B_CDH/hal-demo/../hal//hcc/lib\libHCCD.a(safefat.o)
                0x2001d020                cf_getcluster
 .text.cf_setnextcluster
                0x2001d1d4      0x194 C:/ISIS/MAAE4997B_CDH/hal-demo/../hal//hcc/lib\libHCCD.a(safefat.o)
                0x2001d1d4                cf_setnextcluster
 .text.cf_getpositions
                0x2001d368       0xbc C:/ISIS/MAAE4997B_CDH/hal-demo/../hal//hcc/lib\libHCCD.a(safefat.o)
                0x2001d368                cf_getpositions
 .text.cf_setpositions
                0x2001d424       0xb0 C:/ISIS/MAAE4997B_CDH/hal-demo/../hal//hcc/lib\libHCCD.a(safefat.o)
                0x2001d424                cf_setpositions
 .text.cf_opensyncafile
                0x2001d4d4      0x150 C:/ISIS/MAAE4997B_CDH/hal-demo/../hal//hcc/lib\libHCCD.a(safefat.o)
                0x2001d4d4                cf_opensyncafile
 .text.cf_reloadcfo
                0x2001d624       0xd8 C:/ISIS/MAAE4997B_CDH/hal-demo/../hal//hcc/lib\libHCCD.a(safefat.o)
                0x2001d624                cf_reloadcfo
 .text.open_alternating
                0x2001d6fc       0x58 C:/ISIS/MAAE4997B_CDH/hal-demo/../hal//hcc/lib\libHCCD.a(fat_test.o)
                0x2001d6fc                open_alternating
 .text.f_nameconv
                0x2001d754       0xb8 C:/ISIS/MAAE4997B_CDH/hal-demo/../hal//hcc/lib\libHCCD.a(fat_test.o)
 .text.STRCMP   0x2001d80c       0x8c C:/ISIS/MAAE4997B_CDH/hal-demo/../hal//hcc/lib\libHCCD.a(fat_test.o)
 .text._f_checkcwd
                0x2001d898      0x108 C:/ISIS/MAAE4997B_CDH/hal-demo/../hal//hcc/lib\libHCCD.a(fat_test.o)
 .text.checkfilecontent
                0x2001d9a0       0xb8 C:/ISIS/MAAE4997B_CDH/hal-demo/../hal//hcc/lib\libHCCD.a(fat_test.o)
 .text.f_formatting
                0x2001da58      0x304 C:/ISIS/MAAE4997B_CDH/hal-demo/../hal//hcc/lib\libHCCD.a(fat_test.o)
                0x2001da58                f_formatting
 .text.f_dirtest
                0x2001dd5c     0x10fc C:/ISIS/MAAE4997B_CDH/hal-demo/../hal//hcc/lib\libHCCD.a(fat_test.o)
 .text.f_findingtest
                0x2001ee58      0xf54 C:/ISIS/MAAE4997B_CDH/hal-demo/../hal//hcc/lib\libHCCD.a(fat_test.o)
 .text.f_powerfail
                0x2001fdac      0x7d4 C:/ISIS/MAAE4997B_CDH/hal-demo/../hal//hcc/lib\libHCCD.a(fat_test.o)
 .text.f_seeking
                0x20020580     0x25f0 C:/ISIS/MAAE4997B_CDH/hal-demo/../hal//hcc/lib\libHCCD.a(fat_test.o)
 .text.f_opening
                0x20022b70     0x17a4 C:/ISIS/MAAE4997B_CDH/hal-demo/../hal//hcc/lib\libHCCD.a(fat_test.o)
 .text.f_appending
                0x20024314      0x58c C:/ISIS/MAAE4997B_CDH/hal-demo/../hal//hcc/lib\libHCCD.a(fat_test.o)
 .text.f_writing
                0x200248a0     0x1a54 C:/ISIS/MAAE4997B_CDH/hal-demo/../hal//hcc/lib\libHCCD.a(fat_test.o)
 .text.f_dots   0x200262f4      0x638 C:/ISIS/MAAE4997B_CDH/hal-demo/../hal//hcc/lib\libHCCD.a(fat_test.o)
 .text.f_rit    0x2002692c      0x4b8 C:/ISIS/MAAE4997B_CDH/hal-demo/../hal//hcc/lib\libHCCD.a(fat_test.o)
 .text.f_truncating
                0x20026de4      0x7a4 C:/ISIS/MAAE4997B_CDH/hal-demo/../hal//hcc/lib\libHCCD.a(fat_test.o)
 .text.f_seekpos
                0x20027588     0x165c C:/ISIS/MAAE4997B_CDH/hal-demo/../hal//hcc/lib\libHCCD.a(fat_test.o)
 .text.f_misc   0x20028be4     0x1e08 C:/ISIS/MAAE4997B_CDH/hal-demo/../hal//hcc/lib\libHCCD.a(fat_test.o)
 .text.f_renaming
                0x2002a9ec      0xb50 C:/ISIS/MAAE4997B_CDH/hal-demo/../hal//hcc/lib\libHCCD.a(fat_test.o)
 .text.print_version
                0x2002b53c       0x3c C:/ISIS/MAAE4997B_CDH/hal-demo/../hal//hcc/lib\libHCCD.a(fat_test.o)
 .text.chdir_up
                0x2002b578      0x11c C:/ISIS/MAAE4997B_CDH/hal-demo/../hal//hcc/lib\libHCCD.a(fat_test.o)
 .text.create_dirname
                0x2002b694       0xd4 C:/ISIS/MAAE4997B_CDH/hal-demo/../hal//hcc/lib\libHCCD.a(fat_test.o)
 .text.long_dirnames
                0x2002b768      0x5d8 C:/ISIS/MAAE4997B_CDH/hal-demo/../hal//hcc/lib\libHCCD.a(fat_test.o)
 .text.f_dotest
                0x2002bd40      0x35c C:/ISIS/MAAE4997B_CDH/hal-demo/../hal//hcc/lib\libHCCD.a(fat_test.o)
                0x2002bd40                f_dotest
 .text.mcipdc_cmd
                0x2002c09c      0x22c C:/ISIS/MAAE4997B_CDH/hal-demo/../hal//hcc/lib\libHCCD.a(atmel_mcipdc.o)
 .text.mcipdc_stop
                0x2002c2c8       0xfc C:/ISIS/MAAE4997B_CDH/hal-demo/../hal//hcc/lib\libHCCD.a(atmel_mcipdc.o)
                0x2002c2c8                mcipdc_stop
 .text.mcipdc_read
                0x2002c3c4      0x27c C:/ISIS/MAAE4997B_CDH/hal-demo/../hal//hcc/lib\libHCCD.a(atmel_mcipdc.o)
 .text.mcipdc_write
                0x2002c640      0x298 C:/ISIS/MAAE4997B_CDH/hal-demo/../hal//hcc/lib\libHCCD.a(atmel_mcipdc.o)
 .text.mcipdc_readsector
                0x2002c8d8       0x9c C:/ISIS/MAAE4997B_CDH/hal-demo/../hal//hcc/lib\libHCCD.a(atmel_mcipdc.o)
                0x2002c8d8                mcipdc_readsector
 .text.mcipdc_readmultiplesector
                0x2002c974      0x124 C:/ISIS/MAAE4997B_CDH/hal-demo/../hal//hcc/lib\libHCCD.a(atmel_mcipdc.o)
                0x2002c974                mcipdc_readmultiplesector
 .text.mcipdc_writesector
                0x2002ca98       0x90 C:/ISIS/MAAE4997B_CDH/hal-demo/../hal//hcc/lib\libHCCD.a(atmel_mcipdc.o)
                0x2002ca98                mcipdc_writesector
 .text.mcipdc_writemultiplesector
                0x2002cb28      0x120 C:/ISIS/MAAE4997B_CDH/hal-demo/../hal//hcc/lib\libHCCD.a(atmel_mcipdc.o)
                0x2002cb28                mcipdc_writemultiplesector
 .text.mcipdc_set_speed
                0x2002cc48       0xb0 C:/ISIS/MAAE4997B_CDH/hal-demo/../hal//hcc/lib\libHCCD.a(atmel_mcipdc.o)
 .text.mcipdc_get_speed
                0x2002ccf8       0x48 C:/ISIS/MAAE4997B_CDH/hal-demo/../hal//hcc/lib\libHCCD.a(atmel_mcipdc.o)
 .text._get_csd_bits
                0x2002cd40      0x14c C:/ISIS/MAAE4997B_CDH/hal-demo/../hal//hcc/lib\libHCCD.a(atmel_mcipdc.o)
 .text.mcipdc_initcard
                0x2002ce8c      0x8f4 C:/ISIS/MAAE4997B_CDH/hal-demo/../hal//hcc/lib\libHCCD.a(atmel_mcipdc.o)
 .text.mcipdc_getstatus
                0x2002d780       0xe8 C:/ISIS/MAAE4997B_CDH/hal-demo/../hal//hcc/lib\libHCCD.a(atmel_mcipdc.o)
 .text.mcipdc_getphy
                0x2002d868       0x90 C:/ISIS/MAAE4997B_CDH/hal-demo/../hal//hcc/lib\libHCCD.a(atmel_mcipdc.o)
 .text.mcipdc_release
                0x2002d8f8       0x50 C:/ISIS/MAAE4997B_CDH/hal-demo/../hal//hcc/lib\libHCCD.a(atmel_mcipdc.o)
 .text.atmel_mcipdc_initfunc
                0x2002d948      0x160 C:/ISIS/MAAE4997B_CDH/hal-demo/../hal//hcc/lib\libHCCD.a(atmel_mcipdc.o)
                0x2002d948                atmel_mcipdc_initfunc
 .text.oal_mutex_create
                0x2002daa8       0x54 C:/ISIS/MAAE4997B_CDH/hal-demo/../hal//hcc/lib\libHCCD.a(oalp_mutex.o)
                0x2002daa8                oal_mutex_create
 .text.oal_mutex_delete
                0x2002dafc       0x30 C:/ISIS/MAAE4997B_CDH/hal-demo/../hal//hcc/lib\libHCCD.a(oalp_mutex.o)
                0x2002dafc                oal_mutex_delete
 .text.oal_mutex_get
                0x2002db2c       0x58 C:/ISIS/MAAE4997B_CDH/hal-demo/../hal//hcc/lib\libHCCD.a(oalp_mutex.o)
                0x2002db2c                oal_mutex_get
 .text.oal_mutex_put
                0x2002db84       0x58 C:/ISIS/MAAE4997B_CDH/hal-demo/../hal//hcc/lib\libHCCD.a(oalp_mutex.o)
                0x2002db84                oal_mutex_put
 .text.oal_task_get_id
                0x2002dbdc       0x18 C:/ISIS/MAAE4997B_CDH/hal-demo/../hal//hcc/lib\libHCCD.a(oalp_task.o)
                0x2002dbdc                oal_task_get_id
 .text.mcipdc_hw_init
                0x2002dbf4       0xe8 C:/ISIS/MAAE4997B_CDH/hal-demo/../hal//hcc/lib\libHCCD.a(atmel_mcipdc_hw.o)
                0x2002dbf4                mcipdc_hw_init
 .text.mcipdc_hw_delete
                0x2002dcdc       0x44 C:/ISIS/MAAE4997B_CDH/hal-demo/../hal//hcc/lib\libHCCD.a(atmel_mcipdc_hw.o)
                0x2002dcdc                mcipdc_hw_delete
 .text.mcipdc_hw_card_plugged
                0x2002dd20       0x1c C:/ISIS/MAAE4997B_CDH/hal-demo/../hal//hcc/lib\libHCCD.a(atmel_mcipdc_hw.o)
                0x2002dd20                mcipdc_hw_card_plugged
 .text.mcipdc_hw_card_writeprotect
                0x2002dd3c       0x1c C:/ISIS/MAAE4997B_CDH/hal-demo/../hal//hcc/lib\libHCCD.a(atmel_mcipdc_hw.o)
                0x2002dd3c                mcipdc_hw_card_writeprotect
 .text._f_poweron
                0x2002dd58       0x78 C:/ISIS/MAAE4997B_CDH/hal-demo/../hal//hcc/lib\libHCCD.a(fat_testport.o)
                0x2002dd58                _f_poweron
 .text._f_poweroff
                0x2002ddd0       0x2c C:/ISIS/MAAE4997B_CDH/hal-demo/../hal//hcc/lib\libHCCD.a(fat_testport.o)
                0x2002ddd0                _f_poweroff
 .text._f_dump  0x2002ddfc       0x28 C:/ISIS/MAAE4997B_CDH/hal-demo/../hal//hcc/lib\libHCCD.a(fat_testport.o)
                0x2002ddfc                _f_dump
 .text._f_result
                0x2002de24       0x58 C:/ISIS/MAAE4997B_CDH/hal-demo/../hal//hcc/lib\libHCCD.a(fat_testport.o)
                0x2002de24                _f_result
 .text.psp_getrand
                0x2002de7c      0x14c C:/ISIS/MAAE4997B_CDH/hal-demo/../hal//hcc/lib\libHCCD.a(psp_rand.o)
                0x2002de7c                psp_getrand
 .text.psp_getcurrenttimedate
                0x2002dfc8       0x8c C:/ISIS/MAAE4997B_CDH/hal-demo/../hal//hcc/lib\libHCCD.a(psp_rtc.o)
                0x2002dfc8                psp_getcurrenttimedate
 .text._hcc_get_buf_dsc
                0x2002e054       0x8c C:/ISIS/MAAE4997B_CDH/hal-demo/../hal//hcc/lib\libHCCD.a(hcc_mem.o)
 .text._hcc_check_free_pages
                0x2002e0e0      0x18c C:/ISIS/MAAE4997B_CDH/hal-demo/../hal//hcc/lib\libHCCD.a(hcc_mem.o)
 .text._hcc_mark_pages
                0x2002e26c      0x158 C:/ISIS/MAAE4997B_CDH/hal-demo/../hal//hcc/lib\libHCCD.a(hcc_mem.o)
 .text._hcc_clear_lock_dsc
                0x2002e3c4       0x80 C:/ISIS/MAAE4997B_CDH/hal-demo/../hal//hcc/lib\libHCCD.a(hcc_mem.o)
 .text._hcc_lock_access
                0x2002e444      0x128 C:/ISIS/MAAE4997B_CDH/hal-demo/../hal//hcc/lib\libHCCD.a(hcc_mem.o)
 .text._hcc_unlock_access
                0x2002e56c       0x30 C:/ISIS/MAAE4997B_CDH/hal-demo/../hal//hcc/lib\libHCCD.a(hcc_mem.o)
 .text.hcc_mem_alloc
                0x2002e59c      0x454 C:/ISIS/MAAE4997B_CDH/hal-demo/../hal//hcc/lib\libHCCD.a(hcc_mem.o)
                0x2002e59c                hcc_mem_alloc
 .text.hcc_mem_free
                0x2002e9f0      0x178 C:/ISIS/MAAE4997B_CDH/hal-demo/../hal//hcc/lib\libHCCD.a(hcc_mem.o)
                0x2002e9f0                hcc_mem_free
 .text.hcc_mem_add
                0x2002eb68      0x3b0 C:/ISIS/MAAE4997B_CDH/hal-demo/../hal//hcc/lib\libHCCD.a(hcc_mem.o)
                0x2002eb68                hcc_mem_add
 .text.hcc_mem_init
                0x2002ef18      0x164 C:/ISIS/MAAE4997B_CDH/hal-demo/../hal//hcc/lib\libHCCD.a(hcc_mem.o)
                0x2002ef18                hcc_mem_init
 .text.hcc_mem_delete
                0x2002f07c       0x94 C:/ISIS/MAAE4997B_CDH/hal-demo/../hal//hcc/lib\libHCCD.a(hcc_mem.o)
                0x2002f07c                hcc_mem_delete
 .text._f_invalidatedir
                0x2002f110       0x28 C:/ISIS/MAAE4997B_CDH/hal-demo/../hal//hcc/lib\libHCCD.a(fat.o)
                0x2002f110                _f_invalidatedir
 .text._f_getdirsector
                0x2002f138       0x88 C:/ISIS/MAAE4997B_CDH/hal-demo/../hal//hcc/lib\libHCCD.a(fat.o)
                0x2002f138                _f_getdirsector
 .text._f_writedirsector
                0x2002f1c0       0x74 C:/ISIS/MAAE4997B_CDH/hal-demo/../hal//hcc/lib\libHCCD.a(fat.o)
                0x2002f1c0                _f_writedirsector
 .text._f_checknameinv
                0x2002f234      0x180 C:/ISIS/MAAE4997B_CDH/hal-demo/../hal//hcc/lib\libHCCD.a(fat.o)
 .text._f_checkname
                0x2002f3b4       0x7c C:/ISIS/MAAE4997B_CDH/hal-demo/../hal//hcc/lib\libHCCD.a(fat.o)
 .text._f_checknamewc
                0x2002f430       0xf8 C:/ISIS/MAAE4997B_CDH/hal-demo/../hal//hcc/lib\libHCCD.a(fat.o)
 .text._f_setnameext
                0x2002f528      0x300 C:/ISIS/MAAE4997B_CDH/hal-demo/../hal//hcc/lib\libHCCD.a(fat.o)
 .text._f_setfsname
                0x2002f828      0x584 C:/ISIS/MAAE4997B_CDH/hal-demo/../hal//hcc/lib\libHCCD.a(fat.o)
 .text._f_findfile
                0x2002fdac      0x30c C:/ISIS/MAAE4997B_CDH/hal-demo/../hal//hcc/lib\libHCCD.a(fat.o)
 .text._f_cmp_wname
                0x200300b8      0x274 C:/ISIS/MAAE4997B_CDH/hal-demo/../hal//hcc/lib\libHCCD.a(fat.o)
 .text._f_to_string
                0x2003032c      0x130 C:/ISIS/MAAE4997B_CDH/hal-demo/../hal//hcc/lib\libHCCD.a(fat.o)
 .text._f_findfilewc
                0x2003045c      0x278 C:/ISIS/MAAE4997B_CDH/hal-demo/../hal//hcc/lib\libHCCD.a(fat.o)
 .text._f_getfilename
                0x200306d4      0x20c C:/ISIS/MAAE4997B_CDH/hal-demo/../hal//hcc/lib\libHCCD.a(fat.o)
 .text._f_findpath
                0x200308e0      0x35c C:/ISIS/MAAE4997B_CDH/hal-demo/../hal//hcc/lib\libHCCD.a(fat.o)
 .text.fn_getdcwd
                0x20030c3c      0x1e0 C:/ISIS/MAAE4997B_CDH/hal-demo/../hal//hcc/lib\libHCCD.a(fat.o)
                0x20030c3c                fn_getdcwd
 .text.fn_getcwd
                0x20030e1c      0x1e8 C:/ISIS/MAAE4997B_CDH/hal-demo/../hal//hcc/lib\libHCCD.a(fat.o)
                0x20030e1c                fn_getcwd
 .text.fn_findfirst
                0x20031004      0x13c C:/ISIS/MAAE4997B_CDH/hal-demo/../hal//hcc/lib\libHCCD.a(fat.o)
                0x20031004                fn_findfirst
 .text.fn_findnext
                0x20031140      0x360 C:/ISIS/MAAE4997B_CDH/hal-demo/../hal//hcc/lib\libHCCD.a(fat.o)
                0x20031140                fn_findnext
 .text.fn_chdir
                0x200314a0      0x240 C:/ISIS/MAAE4997B_CDH/hal-demo/../hal//hcc/lib\libHCCD.a(fat.o)
                0x200314a0                fn_chdir
 .text.fn_move  0x200316e0      0xad0 C:/ISIS/MAAE4997B_CDH/hal-demo/../hal//hcc/lib\libHCCD.a(fat.o)
                0x200316e0                fn_move
 .text.fn_rename
                0x200321b0      0x214 C:/ISIS/MAAE4997B_CDH/hal-demo/../hal//hcc/lib\libHCCD.a(fat.o)
                0x200321b0                fn_rename
 .text._f_lock_resfile
                0x200323c4       0x6c C:/ISIS/MAAE4997B_CDH/hal-demo/../hal//hcc/lib\libHCCD.a(fat.o)
 .text._f_unlock_resfile
                0x20032430       0x40 C:/ISIS/MAAE4997B_CDH/hal-demo/../hal//hcc/lib\libHCCD.a(fat.o)
 .text._f_getintfile
                0x20032470      0x124 C:/ISIS/MAAE4997B_CDH/hal-demo/../hal//hcc/lib\libHCCD.a(fat.o)
 .text._f_addentry
                0x20032594      0x540 C:/ISIS/MAAE4997B_CDH/hal-demo/../hal//hcc/lib\libHCCD.a(fat.o)
 .text.fn_mkdir
                0x20032ad4      0x75c C:/ISIS/MAAE4997B_CDH/hal-demo/../hal//hcc/lib\libHCCD.a(fat.o)
                0x20032ad4                fn_mkdir
 .text.fn_filelength
                0x20033230      0x1cc C:/ISIS/MAAE4997B_CDH/hal-demo/../hal//hcc/lib\libHCCD.a(fat.o)
                0x20033230                fn_filelength
 .text.fn_open_sub
                0x200333fc     0x1698 C:/ISIS/MAAE4997B_CDH/hal-demo/../hal//hcc/lib\libHCCD.a(fat.o)
 .text.fn_open  0x20034a94       0x44 C:/ISIS/MAAE4997B_CDH/hal-demo/../hal//hcc/lib\libHCCD.a(fat.o)
                0x20034a94                fn_open
 .text.fn_open_nonsafe
                0x20034ad8       0x44 C:/ISIS/MAAE4997B_CDH/hal-demo/../hal//hcc/lib\libHCCD.a(fat.o)
                0x20034ad8                fn_open_nonsafe
 .text.fn_settimedate
                0x20034b1c      0x324 C:/ISIS/MAAE4997B_CDH/hal-demo/../hal//hcc/lib\libHCCD.a(fat.o)
                0x20034b1c                fn_settimedate
 .text.fn_gettimedate
                0x20034e40      0x1bc C:/ISIS/MAAE4997B_CDH/hal-demo/../hal//hcc/lib\libHCCD.a(fat.o)
                0x20034e40                fn_gettimedate
 .text.fn_stat  0x20034ffc      0x26c C:/ISIS/MAAE4997B_CDH/hal-demo/../hal//hcc/lib\libHCCD.a(fat.o)
                0x20034ffc                fn_stat
 .text.fn_delete
                0x20035268      0x490 C:/ISIS/MAAE4997B_CDH/hal-demo/../hal//hcc/lib\libHCCD.a(fat.o)
                0x20035268                fn_delete
 .text.fn_getattr
                0x200356f8      0x17c C:/ISIS/MAAE4997B_CDH/hal-demo/../hal//hcc/lib\libHCCD.a(fat.o)
                0x200356f8                fn_getattr
 .text.fn_setattr
                0x20035874      0x328 C:/ISIS/MAAE4997B_CDH/hal-demo/../hal//hcc/lib\libHCCD.a(fat.o)
                0x20035874                fn_setattr
 .text.fn_rmdir
                0x20035b9c      0x5ac C:/ISIS/MAAE4997B_CDH/hal-demo/../hal//hcc/lib\libHCCD.a(fat.o)
                0x20035b9c                fn_rmdir
 .text.fn_getlabel
                0x20036148      0x39c C:/ISIS/MAAE4997B_CDH/hal-demo/../hal//hcc/lib\libHCCD.a(fat.o)
                0x20036148                fn_getlabel
 .text.fn_setlabel
                0x200364e4      0x574 C:/ISIS/MAAE4997B_CDH/hal-demo/../hal//hcc/lib\libHCCD.a(fat.o)
                0x200364e4                fn_setlabel
 .text.fn_truncate
                0x20036a58      0x7b4 C:/ISIS/MAAE4997B_CDH/hal-demo/../hal//hcc/lib\libHCCD.a(fat.o)
                0x20036a58                fn_truncate
 .text.hcc_mem_buf_alloc
                0x2003720c       0xe4 C:/ISIS/MAAE4997B_CDH/hal-demo/../hal//hcc/lib\libHCCD.a(psp_hcc_mem.o)
                0x2003720c                hcc_mem_buf_alloc
 .text.hcc_mem_buf_free
                0x200372f0       0x6c C:/ISIS/MAAE4997B_CDH/hal-demo/../hal//hcc/lib\libHCCD.a(psp_hcc_mem.o)
                0x200372f0                hcc_mem_buf_free
 .text.checksum_prepareLUTCRC32
                0x2003735c       0x80 C:/ISIS/MAAE4997B_CDH/hal-demo/../hal//hal/lib\libHALD.a(checksum.o)
                0x2003735c                checksum_prepareLUTCRC32
 .text.checksum_calculateCRC32LUT
                0x200373dc       0xa8 C:/ISIS/MAAE4997B_CDH/hal-demo/../hal//hal/lib\libHALD.a(checksum.o)
                0x200373dc                checksum_calculateCRC32LUT
 .text.checksum_calculateCRC32
                0x20037484      0x184 C:/ISIS/MAAE4997B_CDH/hal-demo/../hal//hal/lib\libHALD.a(checksum.o)
                0x20037484                checksum_calculateCRC32
 .text.checksum_prepareLUTCRC16
                0x20037608       0x8c C:/ISIS/MAAE4997B_CDH/hal-demo/../hal//hal/lib\libHALD.a(checksum.o)
                0x20037608                checksum_prepareLUTCRC16
 .text.checksum_calculateCRC16LUT
                0x20037694      0x158 C:/ISIS/MAAE4997B_CDH/hal-demo/../hal//hal/lib\libHALD.a(checksum.o)
                0x20037694                checksum_calculateCRC16LUT
 .text.checksum_calculateCRC16
                0x200377ec      0x124 C:/ISIS/MAAE4997B_CDH/hal-demo/../hal//hal/lib\libHALD.a(checksum.o)
                0x200377ec                checksum_calculateCRC16
 .text.checksum_prepareLUTCRC8
                0x20037910       0x88 C:/ISIS/MAAE4997B_CDH/hal-demo/../hal//hal/lib\libHALD.a(checksum.o)
                0x20037910                checksum_prepareLUTCRC8
 .text.checksum_calculateCRC8LUT
                0x20037998       0xa0 C:/ISIS/MAAE4997B_CDH/hal-demo/../hal//hal/lib\libHALD.a(checksum.o)
                0x20037998                checksum_calculateCRC8LUT
 .text.checksum_calculateCRC8
                0x20037a38      0x120 C:/ISIS/MAAE4997B_CDH/hal-demo/../hal//hal/lib\libHALD.a(checksum.o)
                0x20037a38                checksum_calculateCRC8
 .text.Supervisor_start
                0x20037b58      0x228 C:/ISIS/MAAE4997B_CDH/hal-demo/../hal//hal/lib\libHALD.a(supervisor.o)
                0x20037b58                Supervisor_start
 .text.prepareAndCommunicateI2C
                0x20037d80      0x280 C:/ISIS/MAAE4997B_CDH/hal-demo/../hal//hal/lib\libHALD.a(supervisor.o)
 .text.prepareAndCommunicateSPI
                0x20038000       0xc0 C:/ISIS/MAAE4997B_CDH/hal-demo/../hal//hal/lib\libHALD.a(supervisor.o)
 .text.performCommunication
                0x200380c0      0x2f0 C:/ISIS/MAAE4997B_CDH/hal-demo/../hal//hal/lib\libHALD.a(supervisor.o)
 .text.Supervisor_reset
                0x200383b0       0x58 C:/ISIS/MAAE4997B_CDH/hal-demo/../hal//hal/lib\libHALD.a(supervisor.o)
                0x200383b0                Supervisor_reset
 .text.Supervisor_powerCycleIobc
                0x20038408       0x58 C:/ISIS/MAAE4997B_CDH/hal-demo/../hal//hal/lib\libHALD.a(supervisor.o)
                0x20038408                Supervisor_powerCycleIobc
 .text.Supervisor_getVersion
                0x20038460       0x58 C:/ISIS/MAAE4997B_CDH/hal-demo/../hal//hal/lib\libHALD.a(supervisor.o)
                0x20038460                Supervisor_getVersion
 .text.Supervisor_getHousekeeping
                0x200384b8       0x58 C:/ISIS/MAAE4997B_CDH/hal-demo/../hal//hal/lib\libHALD.a(supervisor.o)
                0x200384b8                Supervisor_getHousekeeping
 .text.Supervisor_calculateAdcValues
                0x20038510      0x3c4 C:/ISIS/MAAE4997B_CDH/hal-demo/../hal//hal/lib\libHALD.a(supervisor.o)
                0x20038510                Supervisor_calculateAdcValues
 .text.voltageToTempBinarySearch
                0x200388d4      0x1ac C:/ISIS/MAAE4997B_CDH/hal-demo/../hal//hal/lib\libHALD.a(supervisor.o)
 .text.Supervisor_CalculateCRC
                0x20038a80       0x8c C:/ISIS/MAAE4997B_CDH/hal-demo/../hal//hal/lib\libHALD.a(supervisor.o)
 .text.ADC_ConvertRaw10bitToMillivolt
                0x20038b0c       0x50 C:/ISIS/MAAE4997B_CDH/hal-demo/../hal//hal/lib\libHALD.a(ADC.o)
                0x20038b0c                ADC_ConvertRaw10bitToMillivolt
 .text.ADC_SingleShot
                0x20038b5c      0x230 C:/ISIS/MAAE4997B_CDH/hal-demo/../hal//hal/lib\libHALD.a(ADC.o)
                0x20038b5c                ADC_SingleShot
 .text.ADC_start
                0x20038d8c      0x5d8 C:/ISIS/MAAE4997B_CDH/hal-demo/../hal//hal/lib\libHALD.a(ADC.o)
                0x20038d8c                ADC_start
 .text.clearPDCtransfers
                0x20039364       0x88 C:/ISIS/MAAE4997B_CDH/hal-demo/../hal//hal/lib\libHALD.a(ADC.o)
 .text.ADC_stop
                0x200393ec       0x94 C:/ISIS/MAAE4997B_CDH/hal-demo/../hal//hal/lib\libHALD.a(ADC.o)
                0x200393ec                ADC_stop
 .text.validateTransferParameters
                0x20039480      0x10c C:/ISIS/MAAE4997B_CDH/hal-demo/../hal//hal/lib\libHALD.a(I2C.o)
 .text.I2C_queueTransfer
                0x2003958c       0xe8 C:/ISIS/MAAE4997B_CDH/hal-demo/../hal//hal/lib\libHALD.a(I2C.o)
                0x2003958c                I2C_queueTransfer
 .text.I2C_internalCallback
                0x20039674       0x64 C:/ISIS/MAAE4997B_CDH/hal-demo/../hal//hal/lib\libHALD.a(I2C.o)
 .text.I2C_doBlockingTransfer
                0x200396d8      0x158 C:/ISIS/MAAE4997B_CDH/hal-demo/../hal//hal/lib\libHALD.a(I2C.o)
 .text.I2C_write
                0x20039830      0x110 C:/ISIS/MAAE4997B_CDH/hal-demo/../hal//hal/lib\libHALD.a(I2C.o)
                0x20039830                I2C_write
 .text.I2C_writeRead
                0x20039940      0x180 C:/ISIS/MAAE4997B_CDH/hal-demo/../hal//hal/lib\libHALD.a(I2C.o)
                0x20039940                I2C_writeRead
 .text.I2C_start
                0x20039ac0      0x2a0 C:/ISIS/MAAE4997B_CDH/hal-demo/../hal//hal/lib\libHALD.a(I2C.o)
                0x20039ac0                I2C_start
 .text.I2C_stop
                0x20039d60      0x138 C:/ISIS/MAAE4997B_CDH/hal-demo/../hal//hal/lib\libHALD.a(I2C.o)
                0x20039d60                I2C_stop
 .text.I2C_setTransferTimeout
                0x20039e98       0x48 C:/ISIS/MAAE4997B_CDH/hal-demo/../hal//hal/lib\libHALD.a(I2C.o)
                0x20039e98                I2C_setTransferTimeout
 .text.uSdelay  0x20039ee0       0x88 C:/ISIS/MAAE4997B_CDH/hal-demo/../hal//hal/lib\libHALD.a(LED.o)
 .text.LED_start
                0x20039f68       0x1c C:/ISIS/MAAE4997B_CDH/hal-demo/../hal//hal/lib\libHALD.a(LED.o)
                0x20039f68                LED_start
 .text.LED_glow
                0x20039f84       0x58 C:/ISIS/MAAE4997B_CDH/hal-demo/../hal//hal/lib\libHALD.a(LED.o)
                0x20039f84                LED_glow
 .text.LED_dark
                0x20039fdc       0x58 C:/ISIS/MAAE4997B_CDH/hal-demo/../hal//hal/lib\libHALD.a(LED.o)
                0x20039fdc                LED_dark
 .text.LED_toggle
                0x2003a034       0x50 C:/ISIS/MAAE4997B_CDH/hal-demo/../hal//hal/lib\libHALD.a(LED.o)
                0x2003a034                LED_toggle
 .text.LED_wave
                0x2003a084       0xd0 C:/ISIS/MAAE4997B_CDH/hal-demo/../hal//hal/lib\libHALD.a(LED.o)
                0x2003a084                LED_wave
 .text.LED_waveReverse
                0x2003a154       0xd0 C:/ISIS/MAAE4997B_CDH/hal-demo/../hal//hal/lib\libHALD.a(LED.o)
                0x2003a154                LED_waveReverse
 .text.PWM_startUp
                0x2003a224       0xe8 C:/ISIS/MAAE4997B_CDH/hal-demo/../hal//hal/lib\libHALD.a(PWM.o)
 .text.PWM_start
                0x2003a30c       0x8c C:/ISIS/MAAE4997B_CDH/hal-demo/../hal//hal/lib\libHALD.a(PWM.o)
                0x2003a30c                PWM_start
 .text.PWM_setRawDutyCycles
                0x2003a398      0x170 C:/ISIS/MAAE4997B_CDH/hal-demo/../hal//hal/lib\libHALD.a(PWM.o)
                0x2003a398                PWM_setRawDutyCycles
 .text.PWM_setAllDutyCyclesFull
                0x2003a508       0x74 C:/ISIS/MAAE4997B_CDH/hal-demo/../hal//hal/lib\libHALD.a(PWM.o)
                0x2003a508                PWM_setAllDutyCyclesFull
 .text.PWM_setDutyCycles
                0x2003a57c       0xcc C:/ISIS/MAAE4997B_CDH/hal-demo/../hal//hal/lib\libHALD.a(PWM.o)
                0x2003a57c                PWM_setDutyCycles
 .text.clearPDCtransfers
                0x2003a648       0xdc C:/ISIS/MAAE4997B_CDH/hal-demo/../hal//hal/lib\libHALD.a(SPI.o)
 .text.SPI_start
                0x2003a724      0x47c C:/ISIS/MAAE4997B_CDH/hal-demo/../hal//hal/lib\libHALD.a(SPI.o)
                0x2003a724                SPI_start
 .text.SPI_stop
                0x2003aba0      0x22c C:/ISIS/MAAE4997B_CDH/hal-demo/../hal//hal/lib\libHALD.a(SPI.o)
                0x2003aba0                SPI_stop
 .text.SPI_queueTransfer
                0x2003adcc      0x190 C:/ISIS/MAAE4997B_CDH/hal-demo/../hal//hal/lib\libHALD.a(SPI.o)
                0x2003adcc                SPI_queueTransfer
 .text.SPI_internalCallback
                0x2003af5c       0x64 C:/ISIS/MAAE4997B_CDH/hal-demo/../hal//hal/lib\libHALD.a(SPI.o)
 .text.SPI_writeRead
                0x2003afc0      0x188 C:/ISIS/MAAE4997B_CDH/hal-demo/../hal//hal/lib\libHALD.a(SPI.o)
                0x2003afc0                SPI_writeRead
 .text.waitForTransfer
                0x2003b148       0x68 C:/ISIS/MAAE4997B_CDH/hal-demo/../hal//hal/lib\libHALD.a(SPI.o)
 .text.SPI_getDriverState
                0x2003b1b0       0x58 C:/ISIS/MAAE4997B_CDH/hal-demo/../hal//hal/lib\libHALD.a(SPI.o)
                0x2003b1b0                SPI_getDriverState
 .text.clearPDCtransfers
                0x2003b208       0xdc C:/ISIS/MAAE4997B_CDH/hal-demo/../hal//hal/lib\libHALD.a(UART.o)
 .text.UART_start
                0x2003b2e4      0x694 C:/ISIS/MAAE4997B_CDH/hal-demo/../hal//hal/lib\libHALD.a(UART.o)
                0x2003b2e4                UART_start
 .text.UART_stop
                0x2003b978      0x1e0 C:/ISIS/MAAE4997B_CDH/hal-demo/../hal//hal/lib\libHALD.a(UART.o)
                0x2003b978                UART_stop
 .text.UART_queueTransfer
                0x2003bb58      0x1a8 C:/ISIS/MAAE4997B_CDH/hal-demo/../hal//hal/lib\libHALD.a(UART.o)
                0x2003bb58                UART_queueTransfer
 .text.UART_write
                0x2003bd00      0x204 C:/ISIS/MAAE4997B_CDH/hal-demo/../hal//hal/lib\libHALD.a(UART.o)
                0x2003bd00                UART_write
 .text.UART_read
                0x2003bf04      0x204 C:/ISIS/MAAE4997B_CDH/hal-demo/../hal//hal/lib\libHALD.a(UART.o)
                0x2003bf04                UART_read
 .text.taskWriteRegulator
                0x2003c108      0x2c0 C:/ISIS/MAAE4997B_CDH/hal-demo/../hal//hal/lib\libHALD.a(UART.o)
 .text.taskReadRegulator
                0x2003c3c8      0x2b4 C:/ISIS/MAAE4997B_CDH/hal-demo/../hal//hal/lib\libHALD.a(UART.o)
 .text.FRAM_start
                0x2003c67c       0xf4 C:/ISIS/MAAE4997B_CDH/hal-demo/../hal//hal/lib\libHALD.a(FRAM.o)
                0x2003c67c                FRAM_start
 .text.FRAM_dummyCallback
                0x2003c770       0x24 C:/ISIS/MAAE4997B_CDH/hal-demo/../hal//hal/lib\libHALD.a(FRAM.o)
                0x2003c770                FRAM_dummyCallback
 .text.FRAM_unlockingCallback
                0x2003c794       0x78 C:/ISIS/MAAE4997B_CDH/hal-demo/../hal//hal/lib\libHALD.a(FRAM.o)
                0x2003c794                FRAM_unlockingCallback
 .text.doBlockingTransfer
                0x2003c80c       0x88 C:/ISIS/MAAE4997B_CDH/hal-demo/../hal//hal/lib\libHALD.a(FRAM.o)
 .text.FRAM_writePacket
                0x2003c894      0x148 C:/ISIS/MAAE4997B_CDH/hal-demo/../hal//hal/lib\libHALD.a(FRAM.o)
 .text.FRAM_readPacket
                0x2003c9dc      0x114 C:/ISIS/MAAE4997B_CDH/hal-demo/../hal//hal/lib\libHALD.a(FRAM.o)
 .text.FRAM_writeAndVerifyPacket
                0x2003caf0       0x8c C:/ISIS/MAAE4997B_CDH/hal-demo/../hal//hal/lib\libHALD.a(FRAM.o)
 .text.FRAM_writeAndVerify
                0x2003cb7c      0x1e4 C:/ISIS/MAAE4997B_CDH/hal-demo/../hal//hal/lib\libHALD.a(FRAM.o)
                0x2003cb7c                FRAM_writeAndVerify
 .text.RTC_start
                0x2003cd60       0x3c C:/ISIS/MAAE4997B_CDH/hal-demo/../hal//hal/lib\libHALD.a(RTC.o)
                0x2003cd60                RTC_start
 .text.RTC_setTime
                0x2003cd9c      0x2a4 C:/ISIS/MAAE4997B_CDH/hal-demo/../hal//hal/lib\libHALD.a(RTC.o)
                0x2003cd9c                RTC_setTime
 .text.RTC_getTime
                0x2003d040      0x224 C:/ISIS/MAAE4997B_CDH/hal-demo/../hal//hal/lib\libHALD.a(RTC.o)
                0x2003d040                RTC_getTime
 .text.RTC_testGetSet
                0x2003d264      0x178 C:/ISIS/MAAE4997B_CDH/hal-demo/../hal//hal/lib\libHALD.a(RTC.o)
                0x2003d264                RTC_testGetSet
 .text.RTC_checkTimeValid
                0x2003d3dc       0xdc C:/ISIS/MAAE4997B_CDH/hal-demo/../hal//hal/lib\libHALD.a(RTC.o)
                0x2003d3dc                RTC_checkTimeValid
 .text.RTC_getTemperature
                0x2003d4b8      0x104 C:/ISIS/MAAE4997B_CDH/hal-demo/../hal//hal/lib\libHALD.a(RTC.o)
                0x2003d4b8                RTC_getTemperature
 .text.Time_start
                0x2003d5bc      0x138 C:/ISIS/MAAE4997B_CDH/hal-demo/../hal//hal/lib\libHALD.a(Time.o)
                0x2003d5bc                Time_start
 .text.taskTimeSync
                0x2003d6f4       0x30 C:/ISIS/MAAE4997B_CDH/hal-demo/../hal//hal/lib\libHALD.a(Time.o)
                0x2003d6f4                taskTimeSync
 .text.Time_set
                0x2003d724      0x278 C:/ISIS/MAAE4997B_CDH/hal-demo/../hal//hal/lib\libHALD.a(Time.o)
                0x2003d724                Time_set
 .text.Time_isLeapYear
                0x2003d99c       0x98 C:/ISIS/MAAE4997B_CDH/hal-demo/../hal//hal/lib\libHALD.a(Time.o)
                0x2003d99c                Time_isLeapYear
 .text.Time_get
                0x2003da34      0x410 C:/ISIS/MAAE4997B_CDH/hal-demo/../hal//hal/lib\libHALD.a(Time.o)
                0x2003da34                Time_get
 .text.Time_getUnixEpoch
                0x2003de44       0xe4 C:/ISIS/MAAE4997B_CDH/hal-demo/../hal//hal/lib\libHALD.a(Time.o)
                0x2003de44                Time_getUnixEpoch
 .text.secondsOfYearToTime
                0x2003df28      0x328 C:/ISIS/MAAE4997B_CDH/hal-demo/../hal//hal/lib\libHALD.a(Time.o)
 .text.Time_setUnixEpoch
                0x2003e250      0x100 C:/ISIS/MAAE4997B_CDH/hal-demo/../hal//hal/lib\libHALD.a(Time.o)
                0x2003e250                Time_setUnixEpoch
 .text.Time_sync
                0x2003e350      0x2b8 C:/ISIS/MAAE4997B_CDH/hal-demo/../hal//hal/lib\libHALD.a(Time.o)
                0x2003e350                Time_sync
 .text.Time_syncIfNeeded
                0x2003e608       0x70 C:/ISIS/MAAE4997B_CDH/hal-demo/../hal//hal/lib\libHALD.a(Time.o)
                0x2003e608                Time_syncIfNeeded
 .text.Time_setSyncInterval
                0x2003e678       0x38 C:/ISIS/MAAE4997B_CDH/hal-demo/../hal//hal/lib\libHALD.a(Time.o)
                0x2003e678                Time_setSyncInterval
 .text.WDT_start
                0x2003e6b0       0x48 C:/ISIS/MAAE4997B_CDH/hal-demo/../hal//hal/lib\libHALD.a(WatchDogTimerNoOS.o)
                0x2003e6b0                WDT_start
 .text.WDT_startWatchdogKickTask
                0x2003e6f8       0x94 C:/ISIS/MAAE4997B_CDH/hal-demo/../hal//hal/lib\libHALD.a(WatchDogTimerOS.o)
                0x2003e6f8                WDT_startWatchdogKickTask
 .text.WDT_forceKickEveryNms
                0x2003e78c       0x50 C:/ISIS/MAAE4997B_CDH/hal-demo/../hal//hal/lib\libHALD.a(WatchDogTimerOS.o)
                0x2003e78c                WDT_forceKickEveryNms
 .text.UTIL_DbguGetInteger
                0x2003e7dc      0x124 C:/ISIS/MAAE4997B_CDH/hal-demo/../hal//hal/lib\libHALD.a(util.o)
                0x2003e7dc                UTIL_DbguGetInteger
 .text.UTIL_DbguGetIntegerMinMax
                0x2003e900       0xa4 C:/ISIS/MAAE4997B_CDH/hal-demo/../hal//hal/lib\libHALD.a(util.o)
                0x2003e900                UTIL_DbguGetIntegerMinMax
 .text.RTT_start
                0x2003e9a4       0x24 C:/ISIS/MAAE4997B_CDH/hal-demo/../hal//hal/lib\libHALD.a(RTT.o)
                0x2003e9a4                RTT_start
 .text.xQueueGenericReset
                0x2003e9c8      0x150 C:/ISIS/MAAE4997B_CDH/hal-demo/../hal//freertos/lib\libFreeRTOSD.a(queue.o)
                0x2003e9c8                xQueueGenericReset
 .text.xQueueGenericCreate
                0x2003eb18       0xfc C:/ISIS/MAAE4997B_CDH/hal-demo/../hal//freertos/lib\libFreeRTOSD.a(queue.o)
                0x2003eb18                xQueueGenericCreate
 .text.xQueueCreateMutex
                0x2003ec14      0x110 C:/ISIS/MAAE4997B_CDH/hal-demo/../hal//freertos/lib\libFreeRTOSD.a(queue.o)